// Jest Snapshot v1, https://goo.gl/fbAQLP

exports[`Canonical On Demand Radio Page A11y I can see the skip to content link 1`] = `"Langsung ke konten"`;

exports[`Canonical On Demand Radio Page Analytics ATI 1`] = `"<img height=\\"1px\\" width=\\"1px\\" alt=\\"\\" style=\\"position:absolute\\" src=\\"https://logws1363.ati-host.net?s=598343&amp;s2=54&amp;p=indonesian.bbc_indonesian_radio.w172xh267fpn19l.page&amp;x1=[urn:bbc:pips:w172xh267fpn19l]&amp;x2=[responsive]&amp;x3=[news-indonesia]&amp;x4=[id]&amp;x7=[player-episode]&amp;x8=[simorgh-nojs]&amp;x9=[Dunia+Pagi+Ini+-+BBC+News+Indonesia]\\"/>"`;

exports[`Canonical On Demand Radio Page Footer I can click on the BBC branding and it would take me to the homepage 1`] = `"/indonesia"`;

exports[`Canonical On Demand Radio Page Footer I can see the footer copyright and external linking text 1`] = `"Â© 2020 BBC. BBC tidak bertanggung jawab atas konten dari situs eksternal. Baca tentang peraturan baru terkait link eksternal."`;

exports[`Canonical On Demand Radio Page Header I can see the branding 1`] = `"BBC News, Indonesia"`;

exports[`Canonical On Demand Radio Page Header I can see the navigation 1`] = `"Berita"`;

exports[`Canonical On Demand Radio Page I can see the brand title 1`] = `"Dunia Pagi Ini"`;

exports[`Canonical On Demand Radio Page I can see the episode summary 1`] = `"Berita terbaru dari seluruh dunia dan ulasan peristiwa dari Indonesia. Juga berita olahraga terbaru dan berbeda setiap harinya."`;

exports[`Canonical On Demand Radio Page I can see the episode title 1`] = `"27 April 2020"`;

exports[`Canonical On Demand Radio Page I can see the hero image 1`] = `"https://ichef.bbci.co.uk/images/ic/128x128/p08b4828.png"`;

exports[`Canonical On Demand Radio Page Media Player a11y assistive technology can read the media player title 1`] = `"Pemutar Audio"`;

exports[`Canonical On Demand Radio Page Media Player iframe with valid URL should be rendered 1`] = `"https://polling.test.bbc.co.uk/ws/av-embeds/media/indonesia/bbc_indonesian_radio/w172xh267fpn19l/id?morph_env=live"`;

exports[`Canonical On Demand Radio Page SEO Canonical link 1`] = `"http://localhost:7080/indonesia/bbc_indonesian_radio/w172xh267fpn19l"`;

exports[`Canonical On Demand Radio Page SEO Dir attribute 1`] = `"ltr"`;

exports[`Canonical On Demand Radio Page SEO FB admins 1`] = `"100004154058350"`;

exports[`Canonical On Demand Radio Page SEO FB app ID 1`] = `"1609039196070050"`;

exports[`Canonical On Demand Radio Page SEO Heading level 1 1`] = `"Dunia Pagi Ini, 27 April 2020"`;

exports[`Canonical On Demand Radio Page SEO Lang attribute 1`] = `"id"`;

exports[`Canonical On Demand Radio Page SEO Linked data 1`] = `
Object {
  "@context": "http://schema.org",
  "@graph": Array [
    Object {
      "@type": "WebPage",
      "image": Object {
        "@type": "ImageObject",
        "height": 576,
        "url": "https://news.files.bbci.co.uk/ws/img/logos/og/indonesia.png",
        "width": 1024,
      },
      "mainEntityOfPage": Object {
        "@id": "http://localhost:7080/indonesia/bbc_indonesian_radio/w172xh267fpn19l",
        "@type": "WebPage",
        "name": "Dunia Pagi Ini",
      },
      "publisher": Object {
        "@type": "NewsMediaOrganization",
        "logo": Object {
          "@type": "ImageObject",
          "height": 576,
          "url": "https://news.files.bbci.co.uk/ws/img/logos/og/indonesia.png",
          "width": 1024,
        },
        "name": "BBC News Indonesia",
        "publishingPrinciples": "https://www.bbc.com/indonesia/institutional-49283175",
      },
      "thumbnailUrl": "https://news.files.bbci.co.uk/ws/img/logos/og/indonesia.png",
      "url": "http://localhost:7080/indonesia/bbc_indonesian_radio/w172xh267fpn19l",
    },
    Object {
      "@type": "AudioObject",
      "description": "Berita terbaru dari seluruh dunia dan ulasan peristiwa dari Indonesia. Juga berita olahraga terbaru dan berbeda setiap harinya.",
      "duration": "PT15M30S",
      "embedURL": "https://polling.test.bbc.co.uk/ws/av-embeds/media/indonesia/bbc_indonesian_radio/w172xh267fpn19l/id?morph_env=live",
      "name": "Dunia Pagi Ini",
      "thumbnailUrl": "https://ichef.bbci.co.uk/images/ic/1024x576/p08b4828.png",
      "uploadDate": "2020-04-27T00:00:00.000Z",
    },
  ],
}
`;

exports[`Canonical On Demand Radio Page SEO OG description 1`] = `"Berita terbaru dari seluruh dunia dan ulasan peristiwa dari Indonesia. Juga berita olahraga terbaru dan berbeda setiap harinya."`;

exports[`Canonical On Demand Radio Page SEO OG image 1`] = `"https://news.files.bbci.co.uk/ws/img/logos/og/indonesia.png"`;

exports[`Canonical On Demand Radio Page SEO OG image alt 1`] = `"BBC News Indonesia"`;

exports[`Canonical On Demand Radio Page SEO OG locale 1`] = `"id-ID"`;

exports[`Canonical On Demand Radio Page SEO OG site name 1`] = `"BBC News Indonesia"`;

exports[`Canonical On Demand Radio Page SEO OG title 1`] = `"Dunia Pagi Ini - BBC News Indonesia"`;

exports[`Canonical On Demand Radio Page SEO OG type 1`] = `"website"`;

exports[`Canonical On Demand Radio Page SEO OG url 1`] = `"http://localhost:7080/indonesia/bbc_indonesian_radio/w172xh267fpn19l"`;

exports[`Canonical On Demand Radio Page SEO Page title 1`] = `"Dunia Pagi Ini - BBC News Indonesia"`;

exports[`Canonical On Demand Radio Page SEO Robots meta tag 1`] = `"noodp,noydir"`;

exports[`Canonical On Demand Radio Page SEO Twitter card 1`] = `"summary_large_image"`;

exports[`Canonical On Demand Radio Page SEO Twitter creator 1`] = `"@bbcindonesia"`;

exports[`Canonical On Demand Radio Page SEO Twitter description 1`] = `"Berita terbaru dari seluruh dunia dan ulasan peristiwa dari Indonesia. Juga berita olahraga terbaru dan berbeda setiap harinya."`;

exports[`Canonical On Demand Radio Page SEO Twitter image alt 1`] = `"BBC News Indonesia"`;

exports[`Canonical On Demand Radio Page SEO Twitter image src 1`] = `"https://news.files.bbci.co.uk/ws/img/logos/og/indonesia.png"`;

exports[`Canonical On Demand Radio Page SEO Twitter site 1`] = `"@bbcindonesia"`;

exports[`Canonical On Demand Radio Page SEO Twitter title 1`] = `"Dunia Pagi Ini - BBC News Indonesia"`;

exports[`Canonical On Demand Radio Page a11y Assistive technology reads the brand and episode title as the headline 1`] = `"Dunia Pagi Ini, 27 April 2020"`;
