// Jest Snapshot v1, https://goo.gl/fbAQLP

exports[`AMP  A11y I can see the skip to content link 1`] = `"সরাসরি কনটেন্টে যান"`;

exports[`AMP  AMP Consent config 1`] = `
Object {
  "consents": Object {
    "user-consent": Object {
      "promptIfUnknownForGeoGroup": "eea",
      "promptUI": "consent-prompt",
    },
  },
}
`;

exports[`AMP  AMP Geo config 1`] = `
Object {
  "ISOCountryGroups": Object {
    "eea": Array [
      "at",
      "ax",
      "be",
      "bg",
      "bl",
      "cy",
      "cz",
      "de",
      "dk",
      "ea",
      "ee",
      "es",
      "fi",
      "fr",
      "gb",
      "gf",
      "gg",
      "gi",
      "gp",
      "gr",
      "hr",
      "hu",
      "ic",
      "ie",
      "im",
      "is",
      "it",
      "je",
      "li",
      "lt",
      "lu",
      "lv",
      "mf",
      "mq",
      "mt",
      "nc",
      "nl",
      "no",
      "pf",
      "pl",
      "pm",
      "pt",
      "re",
      "ro",
      "se",
      "si",
      "sj",
      "sk",
      "tf",
      "va",
      "wf",
      "yt",
    ],
  },
}
`;

exports[`AMP  Footer I can click on the BBC branding and it would take me to the homepage 1`] = `"/bengali"`;

exports[`AMP  Footer I can see the footer copyright and external linking text 1`] = `"© 2020 বিবিসি। বাইরের কোন সাইটের তথ্যের জন্য বিবিসি দায়বদ্ধ নয়। বাইরের লিংক সম্পর্কে বিবিসির দৃষ্টিভঙ্গি সম্বন্ধে পড়ুন।"`;

exports[`AMP  Header I can see the branding 1`] = `"BBC News, বাংলা"`;

exports[`AMP  I can see an image with a caption 1`] = `"https://ichef.bbci.co.uk/news/640/cpsdevpb/b06e/test/d8141e90-fcb8-11e9-9afe-1371928331c5.jpg"`;

exports[`AMP  I can see an image with a caption 2`] = `
"ছবির ক্যাপশান, এই পরীক্ষার চিত্র, কপিরাইট বিবিসি, ফ্রান্সের মানচিত্র দেখায়। চিত্রটি প্রথম তিনটি ব্লকের মধ্যে রয়েছে এবং এতে ক্যাপশন রয়েছে।
"
`;

exports[`AMP  SEO Canonical link 1`] = `"http://localhost:7080/bengali/articles/c6p3yp5zzmeo"`;

exports[`AMP  SEO Dir attribute 1`] = `"ltr"`;

exports[`AMP  SEO FB admins 1`] = `"100004154058350"`;

exports[`AMP  SEO FB app ID 1`] = `"1609039196070050"`;

exports[`AMP  SEO Heading level 1 1`] = `"এটি এই পরীক্ষার নিবন্ধটির শিরোনাম"`;

exports[`AMP  SEO Lang attribute 1`] = `"bn"`;

exports[`AMP  SEO Linked data 1`] = `
Object {
  "@context": "http://schema.org",
  "@type": "Article",
  "author": Object {
    "@type": "NewsMediaOrganization",
    "logo": Object {
      "@type": "ImageObject",
      "height": 576,
      "url": "https://news.files.bbci.co.uk/ws/img/logos/og/bengali.png",
      "width": 1024,
    },
    "name": "BBC News বাংলা",
    "noBylinesPolicy": "https://www.bbc.com/bengali/institutional-50409861#authorexpertise",
  },
  "dateModified": "2019-07-12T14:40:11.695Z",
  "datePublished": "2019-07-12T14:40:11.695Z",
  "headline": "ক্রিকেট বিশ্বকাপ ২০১৯: ম্যান অফ দা টুর্নামেন্টের দৌড়ে এগিয়ে কারা?",
  "image": Object {
    "@type": "ImageObject",
    "height": 576,
    "url": "https://news.files.bbci.co.uk/ws/img/logos/og/bengali.png",
    "width": 1024,
  },
  "mainEntityOfPage": Object {
    "@id": "http://localhost:7080/bengali/articles/c6p3yp5zzmeo",
    "@type": "WebPage",
    "name": "ক্রিকেট বিশ্বকাপ ২০১৯: ম্যান অফ দা টুর্নামেন্টের দৌড়ে এগিয়ে কারা?",
  },
  "publisher": Object {
    "@type": "NewsMediaOrganization",
    "logo": Object {
      "@type": "ImageObject",
      "height": 576,
      "url": "https://news.files.bbci.co.uk/ws/img/logos/og/bengali.png",
      "width": 1024,
    },
    "name": "BBC News বাংলা",
    "publishingPrinciples": "https://www.bbc.com/bengali/institutional-50409861",
  },
  "thumbnailUrl": "https://news.files.bbci.co.uk/ws/img/logos/og/bengali.png",
  "url": "http://localhost:7080/bengali/articles/c6p3yp5zzmeo",
}
`;

exports[`AMP  SEO OG description 1`] = `"ক্রিকেট বিশ্বকাপ ২০১৯: ম্যান অফ দা টুর্নামেন্টের দৌড়ে এগিয়ে কারা?"`;

exports[`AMP  SEO OG image 1`] = `"https://news.files.bbci.co.uk/ws/img/logos/og/bengali.png"`;

exports[`AMP  SEO OG image alt 1`] = `"BBC News বাংলা"`;

exports[`AMP  SEO OG locale 1`] = `"bn-BD"`;

exports[`AMP  SEO OG site name 1`] = `"BBC News বাংলা"`;

exports[`AMP  SEO OG title 1`] = `"ক্রিকেট বিশ্বকাপ ২০১৯: ম্যান অফ দা টুর্নামেন্টের দৌড়ে এগিয়ে কারা? - BBC News বাংলা"`;

exports[`AMP  SEO OG type 1`] = `"article"`;

exports[`AMP  SEO OG url 1`] = `"http://localhost:7080/bengali/articles/c6p3yp5zzmeo"`;

exports[`AMP  SEO Page title 1`] = `"ক্রিকেট বিশ্বকাপ ২০১৯: ম্যান অফ দা টুর্নামেন্টের দৌড়ে এগিয়ে কারা? - BBC News বাংলা"`;

exports[`AMP  SEO Robots meta tag 1`] = `"noodp,noydir"`;

exports[`AMP  SEO Twitter card 1`] = `"summary_large_image"`;

exports[`AMP  SEO Twitter creator 1`] = `"@bbcbangla"`;

exports[`AMP  SEO Twitter description 1`] = `"ক্রিকেট বিশ্বকাপ ২০১৯: ম্যান অফ দা টুর্নামেন্টের দৌড়ে এগিয়ে কারা?"`;

exports[`AMP  SEO Twitter image alt 1`] = `"BBC News বাংলা"`;

exports[`AMP  SEO Twitter image src 1`] = `"https://news.files.bbci.co.uk/ws/img/logos/og/bengali.png"`;

exports[`AMP  SEO Twitter site 1`] = `"@bbcbangla"`;

exports[`AMP  SEO Twitter title 1`] = `"ক্রিকেট বিশ্বকাপ ২০১৯: ম্যান অফ দা টুর্নামেন্টের দৌড়ে এগিয়ে কারা? - BBC News বাংলা"`;
