// Jest Snapshot v1, https://goo.gl/fbAQLP

exports[`Canonical  A11y I can see the skip to content link 1`] = `"U gudub qaybta macluumaadka"`;

exports[`Canonical  Analytics ATI: https://logws1363.ati-host.net? 1`] = `"https://logws1363.ati-host.net?s=598343&s2=83&p=somali.page&x1=[urn:bbc:cps:37e54173-99e6-0722-e050-380a4e805645]&x2=[responsive]&x3=[news-somali]&x4=[so]&x7=[index-home]&x8=[simorgh-nojs]&x9=[Somali+-+BBC+News+Somali]&x11=[1970-01-18T00:00:29.576Z]&x12=[1970-01-19T02:08:51.321Z]"`;

exports[`Canonical  Footer I can click on the BBC branding and it would take me to the homepage 1`] = `"/somali"`;

exports[`Canonical  Footer I can see the footer copyright and external linking text 1`] = `"Â© 2020 BBC. BBC masuul kama ahan macluumadka bogagga kale ee dibadda. Akhri xogta ku saabsan sida aan u abaarno bogagga dibadda."`;

exports[`Canonical  Header I can see the branding 1`] = `"BBC News, Somali"`;

exports[`Canonical  SEO Canonical link 1`] = `"http://localhost:7080/somali"`;

exports[`Canonical  SEO Dir attribute 1`] = `"ltr"`;

exports[`Canonical  SEO FB admins 1`] = `"100004154058350"`;

exports[`Canonical  SEO FB app ID 1`] = `"1609039196070050"`;

exports[`Canonical  SEO Heading level 1 1`] = `"BBC News, Somali - War"`;

exports[`Canonical  SEO Lang attribute 1`] = `"so"`;

exports[`Canonical  SEO Linked data 1`] = `
Object {
  "@context": "http://schema.org",
  "@type": "WebPage",
  "image": Object {
    "@type": "ImageObject",
    "height": 576,
    "url": "https://news.files.bbci.co.uk/ws/img/logos/og/somali.png",
    "width": 1024,
  },
  "mainEntityOfPage": Object {
    "@id": "http://localhost:7080/somali",
    "@type": "WebPage",
    "name": "Somali",
  },
  "publisher": Object {
    "@type": "NewsMediaOrganization",
    "logo": Object {
      "@type": "ImageObject",
      "height": 576,
      "url": "https://news.files.bbci.co.uk/ws/img/logos/og/somali.png",
      "width": 1024,
    },
    "name": "BBC News Somali",
    "publishingPrinciples": "https://www.bbc.com/somali/hayadeed-49283375",
  },
  "thumbnailUrl": "https://news.files.bbci.co.uk/ws/img/logos/og/somali.png",
  "url": "http://localhost:7080/somali",
}
`;

exports[`Canonical  SEO OG description 1`] = `"BBC Somali waxa aad ka heleysaa wararkii ugu dambeeyay ee Soomaalida iyo caalamkaba."`;

exports[`Canonical  SEO OG image 1`] = `"https://news.files.bbci.co.uk/ws/img/logos/og/somali.png"`;

exports[`Canonical  SEO OG image alt 1`] = `"BBC News Somali"`;

exports[`Canonical  SEO OG locale 1`] = `"so-SO"`;

exports[`Canonical  SEO OG site name 1`] = `"BBC News Somali"`;

exports[`Canonical  SEO OG title 1`] = `"Somali - BBC News Somali"`;

exports[`Canonical  SEO OG type 1`] = `"website"`;

exports[`Canonical  SEO OG url 1`] = `"http://localhost:7080/somali"`;

exports[`Canonical  SEO Page title 1`] = `"Somali - BBC News Somali"`;

exports[`Canonical  SEO Robots meta tag 1`] = `"noodp,noydir"`;

exports[`Canonical  SEO Twitter card 1`] = `"summary_large_image"`;

exports[`Canonical  SEO Twitter creator 1`] = `"@bbcsomali"`;

exports[`Canonical  SEO Twitter description 1`] = `"BBC Somali waxa aad ka heleysaa wararkii ugu dambeeyay ee Soomaalida iyo caalamkaba."`;

exports[`Canonical  SEO Twitter image alt 1`] = `"BBC News Somali"`;

exports[`Canonical  SEO Twitter image src 1`] = `"https://news.files.bbci.co.uk/ws/img/logos/og/somali.png"`;

exports[`Canonical  SEO Twitter site 1`] = `"@bbcsomali"`;

exports[`Canonical  SEO Twitter title 1`] = `"Somali - BBC News Somali"`;
