// Jest Snapshot v1, https://goo.gl/fbAQLP

exports[`AMP On Demand Radio Page AMP Consent config 1`] = `
Object {
  "consents": Object {
    "user-consent": Object {
      "promptIfUnknownForGeoGroup": "eea",
      "promptUI": "consent-prompt",
    },
  },
  "policy": Object {
    "default": Object {
      "timeout": Object {
        "fallbackAction": "reject",
        "seconds": 0,
      },
      "waitFor": Object {
        "user-consent": Array [],
      },
    },
  },
}
`;

exports[`AMP On Demand Radio Page AMP Geo config 1`] = `
Object {
  "ISOCountryGroups": Object {
    "eea": Array [
      "at",
      "ax",
      "be",
      "bg",
      "bl",
      "cy",
      "cz",
      "de",
      "dk",
      "ea",
      "ee",
      "es",
      "fi",
      "fr",
      "gb",
      "gf",
      "gg",
      "gi",
      "gp",
      "gr",
      "hr",
      "hu",
      "ic",
      "ie",
      "im",
      "is",
      "it",
      "je",
      "li",
      "lt",
      "lu",
      "lv",
      "mf",
      "mq",
      "mt",
      "nc",
      "nl",
      "no",
      "pf",
      "pl",
      "pm",
      "pt",
      "re",
      "ro",
      "se",
      "si",
      "sj",
      "sk",
      "tf",
      "va",
      "wf",
      "yt",
    ],
    "gbOrUnknown": Array [
      "gb",
      "gg",
      "im",
      "je",
      "uk",
      "unknown",
    ],
  },
}
`;

exports[`AMP On Demand Radio Page Analytics ATI 1`] = `
Object {
  "requests": Object {
    "base": "https://logws1363.ati-host.net?",
    "pageview": "\${base}s=598343&s2=54&p=indonesian.bbc_indonesian_radio.w172x6r5000f38s.page&r=%24%7BscreenWidth%7Dx%24%7BscreenHeight%7Dx%24%7BscreenColorDepth%7D&re=%24%7BavailableScreenWidth%7Dx%24%7BavailableScreenHeight%7D&hl=%24%7Btimestamp%7D&lng=%24%7BbrowserLanguage%7D&x1=[urn%3Abbc%3Apips%3Aw172x6r5000f38s]&x2=[amp]&x3=[news-indonesia]&x4=[id]&x5=[%24%7BsourceUrl%7D]&x6=[%24%7BdocumentReferrer%7D]&x7=[player-episode]&x8=[simorgh]&x9=[Dunia%2BPagi%2BIni%2B-%2BBBC%2BNews%2BIndonesia]&ref=%24%7BdocumentReferrer%7D",
  },
  "transport": Object {
    "beacon": false,
    "image": true,
    "xhrpost": false,
  },
  "triggers": Object {
    "trackPageview": Object {
      "on": "visible",
      "request": "pageview",
    },
  },
}
`;

exports[`AMP On Demand Radio Page Analytics chartbeat 1`] = `
Object {
  "vars": Object {
    "contentType": "player-episode",
    "domain": "test.bbc.co.uk",
    "sections": "Indonesia, Indonesia - Radio",
    "title": "Dunia Pagi Ini - BBC News Indonesia",
    "uid": 50924,
    "virtualReferrer": "\${documentReferrer}",
  },
}
`;

exports[`AMP On Demand Radio Page Analytics comscore 1`] = `
Object {
  "extraUrlParams": Object {
    "comscorekw": "amp",
  },
  "vars": Object {
    "c2": "17986528",
  },
}
`;

exports[`AMP On Demand Radio Page Expired Episode I can see the 'Content is not available' placeholder 1`] = `"Konten ini sudah tidak tersedia lagi."`;

exports[`AMP On Demand Radio Page Expired Episode I can see the brand title 1`] = `"Dunia Pagi Ini"`;

exports[`AMP On Demand Radio Page Expired Episode I can see the episode summary 1`] = `"Berita terbaru dari seluruh dunia dan ulasan peristiwa dari Indonesia. Juga berita olahraga terbaru dan berbeda setiap harinya."`;

exports[`AMP On Demand Radio Page Expired Episode I can see the episode title 1`] = `"5 Maret 2020"`;

exports[`AMP On Demand Radio Page Expired Episode I can see the hero image 1`] = `"https://ichef.bbci.co.uk/images/ic/128x128/p08b4828.png"`;

exports[`AMP On Demand Radio Page Expired Episode a11y Assistive technology reads the brand and episode title as the headline 1`] = `"Dunia Pagi Ini, 5 Maret 2020"`;
