// Jest Snapshot v1, https://goo.gl/fbAQLP

exports[`Canonical On Demand Radio Episode A11y I can see the skip to content link 1`] = `"مطلب ته ورشئ"`;

exports[`Canonical On Demand Radio Episode Analytics ATI 1`] = `"<img height=\\"1px\\" width=\\"1px\\" alt=\\"\\" style=\\"position:absolute\\" src=\\"https://logws1363.ati-host.net?s=598343&amp;s2=68&amp;p=pashto.bbc_pashto_radio.w172xjcjkv7gw1w.page&amp;x1=[urn:bbc:pips:p0340yr4]&amp;x2=[responsive]&amp;x3=[news-pashto]&amp;x4=[ps]&amp;x7=[player-episode]&amp;x8=[simorgh-nojs]&amp;x9=[وروستي+خبرونه+-+BBC+News+پښتو]\\"/>"`;

exports[`Canonical On Demand Radio Episode Footer I can click on the BBC branding and it would take me to the homepage 1`] = `"/pashto"`;

exports[`Canonical On Demand Radio Episode Footer I can see the footer copyright and external linking text 1`] = `"© 2020 بي بي سي. بي بي‌ سي‌ د نورو ویبپاڼو د محتوا مسوله نه ده. د نورو ویبپاڼو لینکولو په اړه زموږ تګلاره."`;

exports[`Canonical On Demand Radio Episode Header I can see the branding 1`] = `"BBC News, پښتو"`;

exports[`Canonical On Demand Radio Episode I can see the brand title 1`] = `"وروستي خبرونه"`;

exports[`Canonical On Demand Radio Episode I can see the episode summary 1`] = `"د نړۍ وروستي خبرونه"`;

exports[`Canonical On Demand Radio Episode I can see the episode title 1`] = `"۱۸ می ۲۰۲۰"`;

exports[`Canonical On Demand Radio Episode I can see the hero image 1`] = `"https://ichef.bbci.co.uk/images/ic/128x128/p08b23c8.png"`;

exports[`Canonical On Demand Radio Episode Media player embed A11y I can read the media player title 1`] = `"اډیو پلیئر"`;

exports[`Canonical On Demand Radio Episode Media player embed I can see the media player embed 1`] = `"https://polling.test.bbc.co.uk/ws/av-embeds/media/pashto/bbc_pashto_radio/w172xjcjkv7gw1w/ps?morph_env=live"`;

exports[`Canonical On Demand Radio Episode SEO Canonical link 1`] = `"http://localhost:7080/pashto/bbc_pashto_radio/p0340yr4"`;

exports[`Canonical On Demand Radio Episode SEO Dir attribute 1`] = `"rtl"`;

exports[`Canonical On Demand Radio Episode SEO FB admins 1`] = `"100004154058350"`;

exports[`Canonical On Demand Radio Episode SEO FB app ID 1`] = `"1609039196070050"`;

exports[`Canonical On Demand Radio Episode SEO Heading level 1 1`] = `"وروستي خبرونه, ۱۸ می ۲۰۲۰"`;

exports[`Canonical On Demand Radio Episode SEO Lang attribute 1`] = `"ps"`;

exports[`Canonical On Demand Radio Episode SEO Linked data 1`] = `
Object {
  "@context": "http://schema.org",
  "@type": "AudioObject",
  "description": "د نړۍ وروستي خبرونه",
  "duration": "PT3M",
  "embedURL": "https://polling.test.bbc.co.uk/ws/av-embeds/media/pashto/bbc_pashto_radio/w172xjcjkv7gw1w/ps?morph_env=live",
  "name": "وروستي خبرونه",
  "thumbnailUrl": "https://ichef.bbci.co.uk/images/ic/1024x576/p08b23c8.png",
  "uploadDate": "2020-05-18T00:00:00.000Z",
}
`;

exports[`Canonical On Demand Radio Episode SEO OG description 1`] = `"د نړۍ وروستي خبرونه"`;

exports[`Canonical On Demand Radio Episode SEO OG image 1`] = `"https://news.files.bbci.co.uk/ws/img/logos/og/pashto.png"`;

exports[`Canonical On Demand Radio Episode SEO OG image alt 1`] = `"BBC News پښتو"`;

exports[`Canonical On Demand Radio Episode SEO OG locale 1`] = `"ps"`;

exports[`Canonical On Demand Radio Episode SEO OG site name 1`] = `"BBC News پښتو"`;

exports[`Canonical On Demand Radio Episode SEO OG title 1`] = `"وروستي خبرونه - BBC News پښتو"`;

exports[`Canonical On Demand Radio Episode SEO OG type 1`] = `"website"`;

exports[`Canonical On Demand Radio Episode SEO OG url 1`] = `"http://localhost:7080/pashto/bbc_pashto_radio/p0340yr4"`;

exports[`Canonical On Demand Radio Episode SEO Page title 1`] = `"وروستي خبرونه - BBC News پښتو"`;

exports[`Canonical On Demand Radio Episode SEO Robots meta tag 1`] = `"noodp,noydir"`;

exports[`Canonical On Demand Radio Episode SEO Twitter card 1`] = `"summary_large_image"`;

exports[`Canonical On Demand Radio Episode SEO Twitter creator 1`] = `"@bbcpashto"`;

exports[`Canonical On Demand Radio Episode SEO Twitter description 1`] = `"د نړۍ وروستي خبرونه"`;

exports[`Canonical On Demand Radio Episode SEO Twitter image alt 1`] = `"BBC News پښتو"`;

exports[`Canonical On Demand Radio Episode SEO Twitter image src 1`] = `"https://news.files.bbci.co.uk/ws/img/logos/og/pashto.png"`;

exports[`Canonical On Demand Radio Episode SEO Twitter site 1`] = `"@bbcpashto"`;

exports[`Canonical On Demand Radio Episode SEO Twitter title 1`] = `"وروستي خبرونه - BBC News پښتو"`;

exports[`Canonical On Demand Radio Episode a11y Assistive technology reads the brand and episode title as the headline 1`] = `"وروستي خبرونه, ۱۸ می ۲۰۲۰"`;
