// Jest Snapshot v1, https://goo.gl/fbAQLP

exports[`AMP  A11y I can see the skip to content link 1`] = `"Mətnə keçid"`;

exports[`AMP  AMP Consent config 1`] = `
Object {
  "consents": Object {
    "user-consent": Object {
      "promptIfUnknownForGeoGroup": "eea",
      "promptUI": "consent-prompt",
    },
  },
}
`;

exports[`AMP  AMP Geo config 1`] = `
Object {
  "ISOCountryGroups": Object {
    "eea": Array [
      "at",
      "ax",
      "be",
      "bg",
      "bl",
      "cy",
      "cz",
      "de",
      "dk",
      "ea",
      "ee",
      "es",
      "fi",
      "fr",
      "gb",
      "gf",
      "gg",
      "gi",
      "gp",
      "gr",
      "hr",
      "hu",
      "ic",
      "ie",
      "im",
      "is",
      "it",
      "je",
      "li",
      "lt",
      "lu",
      "lv",
      "mf",
      "mq",
      "mt",
      "nc",
      "nl",
      "no",
      "pf",
      "pl",
      "pm",
      "pt",
      "re",
      "ro",
      "se",
      "si",
      "sj",
      "sk",
      "tf",
      "va",
      "wf",
      "yt",
    ],
  },
}
`;

exports[`AMP  Footer I can click on the BBC branding and it would take me to the homepage 1`] = `"/azeri"`;

exports[`AMP  Footer I can see the footer copyright and external linking text 1`] = `"© 2020 BBC. BBC kənar saytların məzmununa məsul deyil. Bizim kənar keçidlərə dair yanaşmamız barədə oxuyun."`;

exports[`AMP  Header I can see the branding 1`] = `"BBC News, Azərbaycanca"`;

exports[`AMP  I can see the headline 1`] = `"Clip short synopsis - e2e test"`;

exports[`AMP  I can see the timestamp 1`] = `"3 Dekabr 2019"`;

exports[`AMP  Media player embed A11y I can read the media player title 1`] = `"Media player"`;

exports[`AMP  Media player embed I can see the media player embed 1`] = `"https://polling.test.bbc.co.uk/ws/av-embeds/cps/azeri/azerbaijan-23257464/p01d23fm/az/amp"`;

exports[`AMP  SEO Canonical link 1`] = `"http://localhost:7080/azeri/azerbaijan-23257464"`;

exports[`AMP  SEO Dir attribute 1`] = `"ltr"`;

exports[`AMP  SEO FB admins 1`] = `"100004154058350"`;

exports[`AMP  SEO FB app ID 1`] = `"1609039196070050"`;

exports[`AMP  SEO Heading level 1 1`] = `"Clip short synopsis - e2e test"`;

exports[`AMP  SEO Lang attribute 1`] = `"az"`;

exports[`AMP  SEO Linked data 1`] = `
Object {
  "@context": "http://schema.org",
  "@type": "Article",
  "author": Object {
    "@type": "NewsMediaOrganization",
    "logo": Object {
      "@type": "ImageObject",
      "height": 576,
      "url": "https://news.files.bbci.co.uk/ws/img/logos/og/azeri.png",
      "width": 1024,
    },
    "name": "BBC News Azərbaycanca",
    "noBylinesPolicy": "https://www.bbc.com/azeri/institutional-49283479#authorexpertise",
  },
  "dateModified": "2019-12-03T10:45:01.000Z",
  "datePublished": "2019-12-03T10:45:00.000Z",
  "headline": "Clip short synopsis - e2e test",
  "image": Object {
    "@type": "ImageObject",
    "height": 576,
    "url": "https://news.files.bbci.co.uk/ws/img/logos/og/azeri.png",
    "width": 1024,
  },
  "mainEntityOfPage": Object {
    "@id": "http://localhost:7080/azeri/azerbaijan-23257464",
    "@type": "WebPage",
    "name": "Clip short synopsis - e2e test",
  },
  "publisher": Object {
    "@type": "NewsMediaOrganization",
    "logo": Object {
      "@type": "ImageObject",
      "height": 576,
      "url": "https://news.files.bbci.co.uk/ws/img/logos/og/azeri.png",
      "width": 1024,
    },
    "name": "BBC News Azərbaycanca",
    "publishingPrinciples": "https://www.bbc.com/azeri/institutional-49283479",
  },
  "thumbnailUrl": "https://news.files.bbci.co.uk/ws/img/logos/og/azeri.png",
  "url": "http://localhost:7080/azeri/azerbaijan-23257464",
}
`;

exports[`AMP  SEO OG description 1`] = `"Clip medium synopsis - e2e test"`;

exports[`AMP  SEO OG image 1`] = `"http://ichef.test.bbci.co.uk/news/1024/branded_azeri/831A/test/_63726533_p01fcplf.jpg"`;

exports[`AMP  SEO OG image alt 1`] = `"Buqqaafamtoota keessaa"`;

exports[`AMP  SEO OG locale 1`] = `"az-AZ"`;

exports[`AMP  SEO OG site name 1`] = `"BBC News Azərbaycanca"`;

exports[`AMP  SEO OG title 1`] = `"Clip short synopsis - e2e test - BBC News Azərbaycanca"`;

exports[`AMP  SEO OG type 1`] = `"article"`;

exports[`AMP  SEO OG url 1`] = `"http://localhost:7080/azeri/azerbaijan-23257464"`;

exports[`AMP  SEO Page title 1`] = `"Clip short synopsis - e2e test - BBC News Azərbaycanca"`;

exports[`AMP  SEO Robots meta tag 1`] = `"noodp,noydir"`;

exports[`AMP  SEO Twitter card 1`] = `"summary_large_image"`;

exports[`AMP  SEO Twitter creator 1`] = `"@bbcazeri"`;

exports[`AMP  SEO Twitter description 1`] = `"Clip medium synopsis - e2e test"`;

exports[`AMP  SEO Twitter image alt 1`] = `"Buqqaafamtoota keessaa"`;

exports[`AMP  SEO Twitter image src 1`] = `"http://ichef.test.bbci.co.uk/news/1024/branded_azeri/831A/test/_63726533_p01fcplf.jpg"`;

exports[`AMP  SEO Twitter site 1`] = `"@bbcazeri"`;

exports[`AMP  SEO Twitter title 1`] = `"Clip short synopsis - e2e test - BBC News Azərbaycanca"`;
