// Jest Snapshot v1, https://goo.gl/fbAQLP

exports[`AMP  A11y I can see the skip to content link 1`] = `"Qabiyyeetti darbi"`;

exports[`AMP  AMP Consent config 1`] = `
Object {
  "consents": Object {
    "user-consent": Object {
      "promptIfUnknownForGeoGroup": "eea",
      "promptUI": "consent-prompt",
    },
  },
}
`;

exports[`AMP  AMP Geo config 1`] = `
Object {
  "ISOCountryGroups": Object {
    "eea": Array [
      "at",
      "ax",
      "be",
      "bg",
      "bl",
      "cy",
      "cz",
      "de",
      "dk",
      "ea",
      "ee",
      "es",
      "fi",
      "fr",
      "gb",
      "gf",
      "gg",
      "gi",
      "gp",
      "gr",
      "hr",
      "hu",
      "ic",
      "ie",
      "im",
      "is",
      "it",
      "je",
      "li",
      "lt",
      "lu",
      "lv",
      "mf",
      "mq",
      "mt",
      "nc",
      "nl",
      "no",
      "pf",
      "pl",
      "pm",
      "pt",
      "re",
      "ro",
      "se",
      "si",
      "sj",
      "sk",
      "tf",
      "va",
      "wf",
      "yt",
    ],
  },
}
`;

exports[`AMP  Footer I can click on the BBC branding and it would take me to the homepage 1`] = `"/afaanoromoo"`;

exports[`AMP  Footer I can see the footer copyright and external linking text 1`] = `"Â© 2020 BBC. Qabiyyeewwan maddawwan alaa irraa ta'aniif BBCn itti gaafatamaa miti. Gara geessituu alaatti akkaataa itti hojjennu dubbisi."`;

exports[`AMP  Header I can see the branding 1`] = `"BBC News, Afaan Oromoo"`;

exports[`AMP  I can see an image with a caption 1`] = `"https://ichef.bbci.co.uk/news/640/cpsdevpb/dd9a/test/a7c87060-e138-11e9-b23c-f1ac9644bb55.jpg"`;

exports[`AMP  I can see an image with a caption 2`] = `
"Ibsa waa'ee suuraa, Akka baqqattoonni karaa daangaa kibba gara US hin seenne dhorkuudhaaf yaada Tiraamp dhiyeessan jedhan keessaa dallaa elektiriikaan ijaarame.

"
`;

exports[`AMP  SEO Canonical link 1`] = `"http://localhost:7080/afaanoromoo/articles/c4g19kgl85ko"`;

exports[`AMP  SEO Dir attribute 1`] = `"ltr"`;

exports[`AMP  SEO FB admins 1`] = `"100004154058350"`;

exports[`AMP  SEO FB app ID 1`] = `"1609039196070050"`;

exports[`AMP  SEO Heading level 1 1`] = `
"Tiraampi yaada 'godaantota miila keessa dha'uu jedhu dhiyeessan'

"
`;

exports[`AMP  SEO Lang attribute 1`] = `"om"`;

exports[`AMP  SEO Linked data 1`] = `
Object {
  "@context": "http://schema.org",
  "@type": "Article",
  "author": Object {
    "@type": "NewsMediaOrganization",
    "logo": Object {
      "@type": "ImageObject",
      "height": 576,
      "url": "https://news.files.bbci.co.uk/ws/img/logos/og/afaanoromoo.png",
      "width": 1024,
    },
    "name": "BBC News Afaan Oromoo",
    "noBylinesPolicy": "https://www.bbc.com/afaanoromoo/institutional-49281861#authorexpertise",
  },
  "dateModified": "2019-09-30T15:34:45.157Z",
  "datePublished": "2019-07-12T12:55:53.914Z",
  "headline": "Namoonni godaanan kunneen hedduun isaanii biyya isaaniirraa miidhaa fi hiyyummaa warra baqatanii karaa.",
  "image": Object {
    "@type": "ImageObject",
    "height": 576,
    "url": "https://news.files.bbci.co.uk/ws/img/logos/og/afaanoromoo.png",
    "width": 1024,
  },
  "mainEntityOfPage": Object {
    "@id": "http://localhost:7080/afaanoromoo/articles/c4g19kgl85ko",
    "@type": "WebPage",
    "name": "Namoonni godaanan kunneen hedduun isaanii biyya isaaniirraa miidhaa fi hiyyummaa warra baqatanii karaa.",
  },
  "publisher": Object {
    "@type": "NewsMediaOrganization",
    "logo": Object {
      "@type": "ImageObject",
      "height": 576,
      "url": "https://news.files.bbci.co.uk/ws/img/logos/og/afaanoromoo.png",
      "width": 1024,
    },
    "name": "BBC News Afaan Oromoo",
    "publishingPrinciples": "https://www.bbc.com/afaanoromoo/institutional-49281861",
  },
  "thumbnailUrl": "https://news.files.bbci.co.uk/ws/img/logos/og/afaanoromoo.png",
  "url": "http://localhost:7080/afaanoromoo/articles/c4g19kgl85ko",
}
`;

exports[`AMP  SEO OG description 1`] = `"Namoonni godaanan kunneen hedduun isaanii biyya isaaniirraa miidhaa fi hiyyummaa warra baqatanii karaa."`;

exports[`AMP  SEO OG image 1`] = `"https://news.files.bbci.co.uk/ws/img/logos/og/afaanoromoo.png"`;

exports[`AMP  SEO OG image alt 1`] = `"BBC News Afaan Oromoo"`;

exports[`AMP  SEO OG locale 1`] = `"om-ET"`;

exports[`AMP  SEO OG site name 1`] = `"BBC News Afaan Oromoo"`;

exports[`AMP  SEO OG title 1`] = `"Namoonni godaanan kunneen hedduun isaanii biyya isaaniirraa miidhaa fi hiyyummaa warra baqatanii karaa. - BBC News Afaan Oromoo"`;

exports[`AMP  SEO OG type 1`] = `"article"`;

exports[`AMP  SEO OG url 1`] = `"http://localhost:7080/afaanoromoo/articles/c4g19kgl85ko"`;

exports[`AMP  SEO Page title 1`] = `"Namoonni godaanan kunneen hedduun isaanii biyya isaaniirraa miidhaa fi hiyyummaa warra baqatanii karaa. - BBC News Afaan Oromoo"`;

exports[`AMP  SEO Robots meta tag 1`] = `"noodp,noydir"`;

exports[`AMP  SEO Twitter card 1`] = `"summary_large_image"`;

exports[`AMP  SEO Twitter creator 1`] = `"@BBCNews"`;

exports[`AMP  SEO Twitter description 1`] = `"Namoonni godaanan kunneen hedduun isaanii biyya isaaniirraa miidhaa fi hiyyummaa warra baqatanii karaa."`;

exports[`AMP  SEO Twitter image alt 1`] = `"BBC News Afaan Oromoo"`;

exports[`AMP  SEO Twitter image src 1`] = `"https://news.files.bbci.co.uk/ws/img/logos/og/afaanoromoo.png"`;

exports[`AMP  SEO Twitter site 1`] = `"@BBCNews"`;

exports[`AMP  SEO Twitter title 1`] = `"Namoonni godaanan kunneen hedduun isaanii biyya isaaniirraa miidhaa fi hiyyummaa warra baqatanii karaa. - BBC News Afaan Oromoo"`;
