// Jest Snapshot v1, https://goo.gl/fbAQLP

exports[`Canonical  A11y I can see the skip to content link 1`] = `"U gudub qaybta macluumaadka"`;

exports[`Canonical  Analytics ATI: https://logws1363.ati-host.net? 1`] = `"https://logws1363.ati-host.net?s=598343&s2=83&p=institutional::somali.institutional.media_asset.23269042.page&x1=[urn:bbc:cps:53b6eaa9-125c-6440-93cb-4c60607551a0]&x2=[responsive]&x3=[news-somali]&x4=[so]&x7=[article-media-asset]&x8=[simorgh-nojs]&x9=[Somali+CPS+test+Shanta+madaxweyne+ee+ugu+taajirsanaa+Mareykanka+-+BBC+News+Somali]&x11=[2020-03-02T16:33:21.000Z]&x12=[2020-03-02T16:33:24.000Z]"`;

exports[`Canonical  Footer I can click on the BBC branding and it would take me to the homepage 1`] = `"/somali"`;

exports[`Canonical  Footer I can see the footer copyright and external linking text 1`] = `"Â© 2020 BBC. BBC masuul kama ahan macluumadka bogagga kale ee dibadda. Akhri xogta ku saabsan sida aan u abaarno bogagga dibadda."`;

exports[`Canonical  Header I can see the branding 1`] = `"BBC News, Somali"`;

exports[`Canonical  I can see the headline 1`] = `"Somali CPS test Shanta madaxweyne ee ugu taajirsanaa Mareykanka"`;

exports[`Canonical  I can see the timestamp 1`] = `"2 Maarso 2020"`;

exports[`Canonical  Media player embed A11y I can read the media player title 1`] = `"Ciyaaridda warbixinnada"`;

exports[`Canonical  Media player embed I can see the media player embed 1`] = `"https://polling.test.bbc.co.uk/ws/av-embeds/cps/somali/hayadeed-23269042/p01m7d09/so"`;

exports[`Canonical  SEO Canonical link 1`] = `"http://localhost:7080/somali/hayadeed-23269042"`;

exports[`Canonical  SEO Dir attribute 1`] = `"ltr"`;

exports[`Canonical  SEO FB admins 1`] = `"100004154058350"`;

exports[`Canonical  SEO FB app ID 1`] = `"1609039196070050"`;

exports[`Canonical  SEO Heading level 1 1`] = `"Somali CPS test Shanta madaxweyne ee ugu taajirsanaa Mareykanka"`;

exports[`Canonical  SEO Lang attribute 1`] = `"so"`;

exports[`Canonical  SEO Linked data 1`] = `
Object {
  "@context": "http://schema.org",
  "@type": "Article",
  "author": Object {
    "@type": "NewsMediaOrganization",
    "logo": Object {
      "@type": "ImageObject",
      "height": 576,
      "url": "https://news.files.bbci.co.uk/ws/img/logos/og/somali.png",
      "width": 1024,
    },
    "name": "BBC News Somali",
    "noBylinesPolicy": "https://www.bbc.com/somali/hayadeed-49283375#authorexpertise",
  },
  "dateModified": "2020-03-02T16:33:24.000Z",
  "datePublished": "2020-03-02T16:33:21.000Z",
  "headline": "Somali CPS test Shanta madaxweyne ee ugu taajirsanaa Mareykanka",
  "image": Object {
    "@type": "ImageObject",
    "height": 576,
    "url": "https://news.files.bbci.co.uk/ws/img/logos/og/somali.png",
    "width": 1024,
  },
  "mainEntityOfPage": Object {
    "@id": "http://localhost:7080/somali/hayadeed-23269042",
    "@type": "WebPage",
    "name": "Somali CPS test Shanta madaxweyne ee ugu taajirsanaa Mareykanka",
  },
  "publisher": Object {
    "@type": "NewsMediaOrganization",
    "logo": Object {
      "@type": "ImageObject",
      "height": 576,
      "url": "https://news.files.bbci.co.uk/ws/img/logos/og/somali.png",
      "width": 1024,
    },
    "name": "BBC News Somali",
    "publishingPrinciples": "https://www.bbc.com/somali/hayadeed-49283375",
  },
  "thumbnailUrl": "https://news.files.bbci.co.uk/ws/img/logos/og/somali.png",
  "url": "http://localhost:7080/somali/hayadeed-23269042",
}
`;

exports[`Canonical  SEO OG description 1`] = `"Somali"`;

exports[`Canonical  SEO OG image 1`] = `"http://ichef.test.bbci.co.uk/news/1024/branded_somali/17AFF/test/_63732079_p01mt2kt.jpg"`;

exports[`Canonical  SEO OG image alt 1`] = `"England star Fran Kirby"`;

exports[`Canonical  SEO OG locale 1`] = `"so-SO"`;

exports[`Canonical  SEO OG site name 1`] = `"BBC News Somali"`;

exports[`Canonical  SEO OG title 1`] = `"Somali CPS test Shanta madaxweyne ee ugu taajirsanaa Mareykanka - BBC News Somali"`;

exports[`Canonical  SEO OG type 1`] = `"article"`;

exports[`Canonical  SEO OG url 1`] = `"http://localhost:7080/somali/hayadeed-23269042"`;

exports[`Canonical  SEO Page title 1`] = `"Somali CPS test Shanta madaxweyne ee ugu taajirsanaa Mareykanka - BBC News Somali"`;

exports[`Canonical  SEO Robots meta tag 1`] = `"noodp,noydir"`;

exports[`Canonical  SEO Twitter card 1`] = `"summary_large_image"`;

exports[`Canonical  SEO Twitter creator 1`] = `"@bbcsomali"`;

exports[`Canonical  SEO Twitter description 1`] = `"Somali"`;

exports[`Canonical  SEO Twitter image alt 1`] = `"England star Fran Kirby"`;

exports[`Canonical  SEO Twitter image src 1`] = `"http://ichef.test.bbci.co.uk/news/1024/branded_somali/17AFF/test/_63732079_p01mt2kt.jpg"`;

exports[`Canonical  SEO Twitter site 1`] = `"@bbcsomali"`;

exports[`Canonical  SEO Twitter title 1`] = `"Somali CPS test Shanta madaxweyne ee ugu taajirsanaa Mareykanka - BBC News Somali"`;
