// Jest Snapshot v1, https://goo.gl/fbAQLP

exports[`AMP  A11y I can see the skip to content link 1`] = `"કન્ટેન્ટ પર જાવ"`;

exports[`AMP  AMP Consent config 1`] = `
Object {
  "consents": Object {
    "user-consent": Object {
      "promptIfUnknownForGeoGroup": "eea",
      "promptUI": "consent-prompt",
    },
  },
}
`;

exports[`AMP  AMP Geo config 1`] = `
Object {
  "ISOCountryGroups": Object {
    "eea": Array [
      "at",
      "ax",
      "be",
      "bg",
      "bl",
      "cy",
      "cz",
      "de",
      "dk",
      "ea",
      "ee",
      "es",
      "fi",
      "fr",
      "gb",
      "gf",
      "gg",
      "gi",
      "gp",
      "gr",
      "hr",
      "hu",
      "ic",
      "ie",
      "im",
      "is",
      "it",
      "je",
      "li",
      "lt",
      "lu",
      "lv",
      "mf",
      "mq",
      "mt",
      "nc",
      "nl",
      "no",
      "pf",
      "pl",
      "pm",
      "pt",
      "re",
      "ro",
      "se",
      "si",
      "sj",
      "sk",
      "tf",
      "va",
      "wf",
      "yt",
    ],
  },
}
`;

exports[`AMP  Footer I can click on the BBC branding and it would take me to the homepage 1`] = `"/gujarati"`;

exports[`AMP  Footer I can see the footer copyright and external linking text 1`] = `"© 2020 BBC. બહારની વેબસાઇટ્સની સામગ્રી માટે બીબીસી જવાબદાર નથી. બહારની વેબસાઇટ્સની લિંક આપવા અંગેની અમારી નીતિ વિશે વાંચો"`;

exports[`AMP  Header I can see the branding 1`] = `"BBC News, ગુજરાતી"`;

exports[`AMP  I can see the headline 1`] = `"આગળની સ્લાઇડમાં જુઓ, સબંધિત વધુ તસવીરો..."`;

exports[`AMP  I can see the timestamp 1`] = `"6 જૂન 2017"`;

exports[`AMP  Media player embed A11y I can read the media player title 1`] = `"મીડિયા પ્લેયર"`;

exports[`AMP  Media player embed I can see the media player embed 1`] = `"https://polling.test.bbc.co.uk/ws/av-embeds/cps/gujarati/other-news-23130286/p01blkgq/gu/amp"`;

exports[`AMP  SEO Canonical link 1`] = `"http://localhost:7080/gujarati/other-news-23130286"`;

exports[`AMP  SEO Dir attribute 1`] = `"ltr"`;

exports[`AMP  SEO FB admins 1`] = `"100004154058350"`;

exports[`AMP  SEO FB app ID 1`] = `"1609039196070050"`;

exports[`AMP  SEO Heading level 1 1`] = `"આગળની સ્લાઇડમાં જુઓ, સબંધિત વધુ તસવીરો..."`;

exports[`AMP  SEO Lang attribute 1`] = `"gu"`;

exports[`AMP  SEO Linked data 1`] = `
Object {
  "@context": "http://schema.org",
  "@type": "Article",
  "about": Array [
    Object {
      "@type": "Thing",
      "name": "Narendra Modi",
    },
  ],
  "author": Object {
    "@type": "NewsMediaOrganization",
    "logo": Object {
      "@type": "ImageObject",
      "height": 576,
      "url": "https://news.files.bbci.co.uk/ws/img/logos/og/gujarati.png",
      "width": 1024,
    },
    "name": "BBC News ગુજરાતી",
    "noBylinesPolicy": "https://www.bbc.com/gujarati/institutional-50409883#authorexpertise",
  },
  "dateModified": "2017-06-06T10:43:19.000Z",
  "datePublished": "2017-06-06T10:31:38.000Z",
  "headline": "આગળની સ્લાઇડમાં જુઓ, સબંધિત વધુ તસવીરો...",
  "image": Object {
    "@type": "ImageObject",
    "height": 576,
    "url": "https://news.files.bbci.co.uk/ws/img/logos/og/gujarati.png",
    "width": 1024,
  },
  "mainEntityOfPage": Object {
    "@id": "http://localhost:7080/gujarati/other-news-23130286",
    "@type": "WebPage",
    "name": "આગળની સ્લાઇડમાં જુઓ, સબંધિત વધુ તસવીરો...",
  },
  "publisher": Object {
    "@type": "NewsMediaOrganization",
    "logo": Object {
      "@type": "ImageObject",
      "height": 576,
      "url": "https://news.files.bbci.co.uk/ws/img/logos/og/gujarati.png",
      "width": 1024,
    },
    "name": "BBC News ગુજરાતી",
    "publishingPrinciples": "https://www.bbc.com/gujarati/institutional-50409883",
  },
  "thumbnailUrl": "https://news.files.bbci.co.uk/ws/img/logos/og/gujarati.png",
  "url": "http://localhost:7080/gujarati/other-news-23130286",
}
`;

exports[`AMP  SEO OG description 1`] = `"ભારતીય કેપ્ટન વિરાટ કોહલીએ પાકિસ્તાન વિરૂદ્ધ જીત બાદ કહ્યું યુવરાજની પાકિસ્તાન વિરૂદ્ધ વિસ્ફોટક બેટિંગ દરમિયાન હું પોતાને 'ક્લબ બેટ્સમેન' ગણી રહ્યો હતો."`;

exports[`AMP  SEO OG image 1`] = `"http://ichef.test.bbci.co.uk/news/1024/branded_gujarati/C281/test/_63539794_p01blmqx.jpg"`;

exports[`AMP  SEO OG image alt 1`] = `"શિખર-રોહિતની કરી પ્રશંસા"`;

exports[`AMP  SEO OG locale 1`] = `"gu-IN"`;

exports[`AMP  SEO OG site name 1`] = `"BBC News ગુજરાતી"`;

exports[`AMP  SEO OG title 1`] = `"આગળની સ્લાઇડમાં જુઓ, સબંધિત વધુ તસવીરો... - BBC News ગુજરાતી"`;

exports[`AMP  SEO OG type 1`] = `"article"`;

exports[`AMP  SEO OG url 1`] = `"http://localhost:7080/gujarati/other-news-23130286"`;

exports[`AMP  SEO Page title 1`] = `"આગળની સ્લાઇડમાં જુઓ, સબંધિત વધુ તસવીરો... - BBC News ગુજરાતી"`;

exports[`AMP  SEO Robots meta tag 1`] = `"noodp,noydir"`;

exports[`AMP  SEO Twitter card 1`] = `"summary_large_image"`;

exports[`AMP  SEO Twitter creator 1`] = `"@bbcnewsgujarati"`;

exports[`AMP  SEO Twitter description 1`] = `"ભારતીય કેપ્ટન વિરાટ કોહલીએ પાકિસ્તાન વિરૂદ્ધ જીત બાદ કહ્યું યુવરાજની પાકિસ્તાન વિરૂદ્ધ વિસ્ફોટક બેટિંગ દરમિયાન હું પોતાને 'ક્લબ બેટ્સમેન' ગણી રહ્યો હતો."`;

exports[`AMP  SEO Twitter image alt 1`] = `"શિખર-રોહિતની કરી પ્રશંસા"`;

exports[`AMP  SEO Twitter image src 1`] = `"http://ichef.test.bbci.co.uk/news/1024/branded_gujarati/C281/test/_63539794_p01blmqx.jpg"`;

exports[`AMP  SEO Twitter site 1`] = `"@bbcnewsgujarati"`;

exports[`AMP  SEO Twitter title 1`] = `"આગળની સ્લાઇડમાં જુઓ, સબંધિત વધુ તસવીરો... - BBC News ગુજરાતી"`;
