// Jest Snapshot v1, https://goo.gl/fbAQLP

exports[`Canonical  A11y I can see the skip to content link 1`] = `"Vá para o conteúdo"`;

exports[`Canonical  Analytics ATI: https://logws1363.ati-host.net? 1`] = `"https://logws1363.ati-host.net?s=598343&s2=33&p=portuguese.articles.cd61pm8gzmpo.page&x1=[urn:bbc:optimo:cd61pm8gzmpo]&x2=[responsive]&x3=[news-portuguese]&x4=[pt-br]&x7=[article]&x8=[simorgh-nojs]&x9=[Este+artigo+de+teste+foi+criado+para+que+possamos+executar+testes+de+ponta+a+ponta+automatizados]&x11=[2019-10-04T11:06:26.382Z]&x12=[2019-10-04T11:06:26.382Z]"`;

exports[`Canonical  Footer I can click on the BBC branding and it would take me to the homepage 1`] = `"/portuguese"`;

exports[`Canonical  Footer I can see the footer copyright and external linking text 1`] = `"© 2020 BBC. A BBC não se responsabiliza pelo conteúdo de sites externos. Leia sobre nossa política em relação a links externos."`;

exports[`Canonical  Header I can see the branding 1`] = `"BBC News, Brasil"`;

exports[`Canonical  I can see an image with a caption 1`] = `"https://ichef.bbci.co.uk/news/640/cpsdevpb/8976/test/46e13d00-e696-11e9-88d6-81aa2ccc6d4c.jpg"`;

exports[`Canonical  I can see an image with a caption 2`] = `"Legenda da foto, Esta imagem de teste, com direitos autorais da BBC, mostra um mapa da França. A imagem está nos três primeiros blocos e tem esta legenda."`;

exports[`Canonical  SEO Canonical link 1`] = `"http://localhost:7080/portuguese/articles/cd61pm8gzmpo"`;

exports[`Canonical  SEO Dir attribute 1`] = `"ltr"`;

exports[`Canonical  SEO FB admins 1`] = `"100004154058350"`;

exports[`Canonical  SEO FB app ID 1`] = `"1609039196070050"`;

exports[`Canonical  SEO Heading level 1 1`] = `"Este é o título deste artigo de teste"`;

exports[`Canonical  SEO Lang attribute 1`] = `"pt-br"`;

exports[`Canonical  SEO Linked data 1`] = `
Object {
  "@context": "http://schema.org",
  "@type": "Article",
  "author": Object {
    "@type": "NewsMediaOrganization",
    "logo": Object {
      "@type": "ImageObject",
      "height": 576,
      "url": "https://news.files.bbci.co.uk/include/articles/public/portuguese/images/metadata/poster-1024x576.png",
      "width": 1024,
    },
    "name": "BBC News Brasil",
    "noBylinesPolicy": "https://www.bbc.com/portuguese/institutional-50054434#authorexpertise",
  },
  "dateModified": "2019-10-04T11:06:26.382Z",
  "datePublished": "2019-10-04T11:06:26.382Z",
  "headline": "Este artigo de teste foi criado para que possamos executar testes de ponta a ponta automatizados",
  "image": Object {
    "@type": "ImageObject",
    "height": 576,
    "url": "https://news.files.bbci.co.uk/include/articles/public/portuguese/images/metadata/poster-1024x576.png",
    "width": 1024,
  },
  "mainEntityOfPage": Object {
    "@id": "http://localhost:7080/portuguese/articles/cd61pm8gzmpo",
    "@type": "WebPage",
    "name": "Este artigo de teste foi criado para que possamos executar testes de ponta a ponta automatizados",
  },
  "publisher": Object {
    "@type": "NewsMediaOrganization",
    "logo": Object {
      "@type": "ImageObject",
      "height": 576,
      "url": "https://news.files.bbci.co.uk/include/articles/public/portuguese/images/metadata/poster-1024x576.png",
      "width": 1024,
    },
    "name": "BBC News Brasil",
    "publishingPrinciples": "https://www.bbc.com/portuguese/institutional-50054434",
  },
  "thumbnailUrl": "https://news.files.bbci.co.uk/include/articles/public/portuguese/images/metadata/poster-1024x576.png",
  "url": "http://localhost:7080/portuguese/articles/cd61pm8gzmpo",
}
`;

exports[`Canonical  SEO OG description 1`] = `"Este artigo de teste foi criado para que possamos executar testes de ponta a ponta automatizados"`;

exports[`Canonical  SEO OG image 1`] = `"https://news.files.bbci.co.uk/include/articles/public/portuguese/images/metadata/poster-1024x576.png"`;

exports[`Canonical  SEO OG image alt 1`] = `"BBC News Brasil"`;

exports[`Canonical  SEO OG locale 1`] = `"pt-BR"`;

exports[`Canonical  SEO OG site name 1`] = `"BBC News Brasil"`;

exports[`Canonical  SEO OG title 1`] = `"Este artigo de teste foi criado para que possamos executar testes de ponta a ponta automatizados - BBC News Brasil"`;

exports[`Canonical  SEO OG type 1`] = `"article"`;

exports[`Canonical  SEO OG url 1`] = `"http://localhost:7080/portuguese/articles/cd61pm8gzmpo"`;

exports[`Canonical  SEO Page title 1`] = `"Este artigo de teste foi criado para que possamos executar testes de ponta a ponta automatizados - BBC News Brasil"`;

exports[`Canonical  SEO Robots meta tag 1`] = `"noodp,noydir"`;

exports[`Canonical  SEO Twitter card 1`] = `"summary_large_image"`;

exports[`Canonical  SEO Twitter creator 1`] = `"@bbcbrasil"`;

exports[`Canonical  SEO Twitter description 1`] = `"Este artigo de teste foi criado para que possamos executar testes de ponta a ponta automatizados"`;

exports[`Canonical  SEO Twitter image alt 1`] = `"BBC News Brasil"`;

exports[`Canonical  SEO Twitter image src 1`] = `"https://news.files.bbci.co.uk/include/articles/public/portuguese/images/metadata/poster-1024x576.png"`;

exports[`Canonical  SEO Twitter site 1`] = `"@bbcbrasil"`;

exports[`Canonical  SEO Twitter title 1`] = `"Este artigo de teste foi criado para que possamos executar testes de ponta a ponta automatizados - BBC News Brasil"`;
