// Jest Snapshot v1, https://goo.gl/fbAQLP

exports[`Canonical link 1`] = `"http://localhost:7080/telugu/articles/cq0y4008d4vo"`;

exports[`Dir attribute 1`] = `"ltr"`;

exports[`FB admins 1`] = `"100004154058350"`;

exports[`FB app ID 1`] = `"1609039196070050"`;

exports[`Footer Copyright 1`] = `"© 2020  BBC. ఇతర వెబ్‌సైట్లలో సమాచారానికి బీబీసీ బాధ్యత వహించదు. ఇతర వెబ్‌సైట్లకు మా లింకింగ్ విధానం గురించి తెలుసుకోండి."`;

exports[`Header Branding 1`] = `"BBC News, తెలుగు"`;

exports[`Heading level 1 1`] = `"ఈ పరీక్షా వ్యాసం యొక్క శీర్షిక ఇది"`;

exports[`Lang attribute 1`] = `"te"`;

exports[`OG description 1`] = `"డక్‌వర్త్ లూయీస్: క్రికెట్ మ్యాచ్‌లో వర్షం పడితే ఫలితం తేల్చేది వీళ్లే... అసలు ఇది ఎలా పుట్టింది?"`;

exports[`OG image 1`] = `"https://news.files.bbci.co.uk/ws/img/logos/og/telugu.png"`;

exports[`OG image alt 1`] = `"BBC News తెలుగు"`;

exports[`OG locale 1`] = `"te-IN"`;

exports[`OG site name 1`] = `"BBC News తెలుగు"`;

exports[`OG title 1`] = `"డక్‌వర్త్ లూయీస్: క్రికెట్ మ్యాచ్‌లో వర్షం పడితే ఫలితం తేల్చేది వీళ్లే... అసలు ఇది ఎలా పుట్టింది? - BBC News తెలుగు"`;

exports[`OG type 1`] = `"article"`;

exports[`OG url 1`] = `"http://localhost:7080/telugu/articles/cq0y4008d4vo"`;

exports[`Page title 1`] = `"డక్‌వర్త్ లూయీస్: క్రికెట్ మ్యాచ్‌లో వర్షం పడితే ఫలితం తేల్చేది వీళ్లే... అసలు ఇది ఎలా పుట్టింది? - BBC News తెలుగు"`;

exports[`Robots meta tag 1`] = `"noodp,noydir"`;

exports[`Skip to content link 1`] = `"కంటెంట్‌కు వెళ్లండి"`;

exports[`Twitter card 1`] = `"summary_large_image"`;

exports[`Twitter creator 1`] = `"@bbcnewstelugu"`;

exports[`Twitter description 1`] = `"డక్‌వర్త్ లూయీస్: క్రికెట్ మ్యాచ్‌లో వర్షం పడితే ఫలితం తేల్చేది వీళ్లే... అసలు ఇది ఎలా పుట్టింది?"`;

exports[`Twitter image alt 1`] = `"BBC News తెలుగు"`;

exports[`Twitter image src 1`] = `"https://news.files.bbci.co.uk/ws/img/logos/og/telugu.png"`;

exports[`Twitter site 1`] = `"@bbcnewstelugu"`;

exports[`Twitter title 1`] = `"డక్‌వర్త్ లూయీస్: క్రికెట్ మ్యాచ్‌లో వర్షం పడితే ఫలితం తేల్చేది వీళ్లే... అసలు ఇది ఎలా పుట్టింది? - BBC News తెలుగు"`;
