// Jest Snapshot v1, https://goo.gl/fbAQLP

exports[`Header Component should render correctly 1`] = `
<header
  aria-label="BBC News"
  className="sc-bwzfXH fEmsWu"
  role="banner"
>
  <a
    className="sc-bdVaJa iguvfJ"
    href="/news"
    id="brand"
  >
    BBC News
  </a>
</header>
`;
