// Jest Snapshot v1, https://goo.gl/fbAQLP

exports[`Canonical  A11y I can see the skip to content link 1`] = `"Ruka hadi maelezo"`;

exports[`Canonical  Analytics ATI: https://logws1363.ati-host.net? 1`] = `"https://logws1363.ati-host.net?s=598343&s2=86&p=swahili.articles.czjqge2jwn2o.page&x1=[urn:bbc:optimo:czjqge2jwn2o]&x2=[responsive]&x3=[news-swahili]&x4=[sw]&x7=[article]&x8=[simorgh-nojs]&x9=[Hii+ndio+kichwa+cha+SEO+cha+makala+haya+ya+majaribio]&x11=[2019-07-12T13:02:49.893Z]&x12=[2019-07-12T13:02:49.893Z]"`;

exports[`Canonical  Footer I can click on the BBC branding and it would take me to the homepage 1`] = `"/swahili"`;

exports[`Canonical  Footer I can see the footer copyright and external linking text 1`] = `"Â© 2020 BBC. BBC haihusiki na taarifa za kutoka mitandao ya nje. Soma kuhusu mtazamo wetu wa viambatanishi vya nje."`;

exports[`Canonical  Header I can see the branding 1`] = `"BBC News, Swahili"`;

exports[`Canonical  I can see an image with a caption 1`] = `"https://ichef.bbci.co.uk/news/640/cpsdevpb/adb4/test/aac5ccc0-de15-11e9-b23c-f1ac9644bb55.jpg"`;

exports[`Canonical  I can see an image with a caption 2`] = `"Maelezo ya picha, Picha ya jaribio, hakimiliki ya BBC, inaonyesha ramani ya Ufaransa. Picha iko kwenye vitalu vitatu vya kwanza na ina maelezo haya."`;

exports[`Canonical  SEO Canonical link 1`] = `"http://localhost:7080/swahili/articles/czjqge2jwn2o"`;

exports[`Canonical  SEO Dir attribute 1`] = `"ltr"`;

exports[`Canonical  SEO FB admins 1`] = `"100004154058350"`;

exports[`Canonical  SEO FB app ID 1`] = `"1609039196070050"`;

exports[`Canonical  SEO Heading level 1 1`] = `"Hii ndio kichwa cha habari cha makala haya ya majaribio"`;

exports[`Canonical  SEO Lang attribute 1`] = `"sw"`;

exports[`Canonical  SEO Linked data 1`] = `
Object {
  "@context": "http://schema.org",
  "@type": "Article",
  "author": Object {
    "@type": "NewsMediaOrganization",
    "logo": Object {
      "@type": "ImageObject",
      "height": 576,
      "url": "https://news.files.bbci.co.uk/ws/img/logos/og/swahili.png",
      "width": 1024,
    },
    "name": "BBC News Swahili",
    "noBylinesPolicy": "https://www.bbc.com/swahili/taasisi-49283417#authorexpertise",
  },
  "dateModified": "2019-07-12T13:02:49.893Z",
  "datePublished": "2019-07-12T13:02:49.893Z",
  "headline": "Hii ndio kichwa cha SEO cha makala haya ya majaribio",
  "image": Object {
    "@type": "ImageObject",
    "height": 576,
    "url": "https://news.files.bbci.co.uk/ws/img/logos/og/swahili.png",
    "width": 1024,
  },
  "mainEntityOfPage": Object {
    "@id": "http://localhost:7080/swahili/articles/czjqge2jwn2o",
    "@type": "WebPage",
    "name": "Hii ndio kichwa cha SEO cha makala haya ya majaribio",
  },
  "publisher": Object {
    "@type": "NewsMediaOrganization",
    "logo": Object {
      "@type": "ImageObject",
      "height": 576,
      "url": "https://news.files.bbci.co.uk/ws/img/logos/og/swahili.png",
      "width": 1024,
    },
    "name": "BBC News Swahili",
    "publishingPrinciples": "https://www.bbc.com/swahili/taasisi-49283417",
  },
  "thumbnailUrl": "https://news.files.bbci.co.uk/ws/img/logos/og/swahili.png",
  "url": "http://localhost:7080/swahili/articles/czjqge2jwn2o",
}
`;

exports[`Canonical  SEO OG description 1`] = `"Hii ndio kichwa cha SEO cha makala haya ya majaribio"`;

exports[`Canonical  SEO OG image 1`] = `"https://news.files.bbci.co.uk/ws/img/logos/og/swahili.png"`;

exports[`Canonical  SEO OG image alt 1`] = `"BBC News Swahili"`;

exports[`Canonical  SEO OG locale 1`] = `"sw-KE"`;

exports[`Canonical  SEO OG site name 1`] = `"BBC News Swahili"`;

exports[`Canonical  SEO OG title 1`] = `"Hii ndio kichwa cha SEO cha makala haya ya majaribio - BBC News Swahili"`;

exports[`Canonical  SEO OG type 1`] = `"article"`;

exports[`Canonical  SEO OG url 1`] = `"http://localhost:7080/swahili/articles/czjqge2jwn2o"`;

exports[`Canonical  SEO Page title 1`] = `"Hii ndio kichwa cha SEO cha makala haya ya majaribio - BBC News Swahili"`;

exports[`Canonical  SEO Robots meta tag 1`] = `"noodp,noydir"`;

exports[`Canonical  SEO Twitter card 1`] = `"summary_large_image"`;

exports[`Canonical  SEO Twitter creator 1`] = `"@bbcswahili"`;

exports[`Canonical  SEO Twitter description 1`] = `"Hii ndio kichwa cha SEO cha makala haya ya majaribio"`;

exports[`Canonical  SEO Twitter image alt 1`] = `"BBC News Swahili"`;

exports[`Canonical  SEO Twitter image src 1`] = `"https://news.files.bbci.co.uk/ws/img/logos/og/swahili.png"`;

exports[`Canonical  SEO Twitter site 1`] = `"@bbcswahili"`;

exports[`Canonical  SEO Twitter title 1`] = `"Hii ndio kichwa cha SEO cha makala haya ya majaribio - BBC News Swahili"`;
