// Jest Snapshot v1, https://goo.gl/fbAQLP

exports[`Canonical  A11y I can see the skip to content link 1`] = `"İçeriğe götür"`;

exports[`Canonical  Analytics ATI: https://logws1363.ati-host.net? 1`] = `"https://logws1363.ati-host.net?s=598343&s2=92&p=turkce.page&x1=[urn:bbc:cps:3561de6b-e727-c8df-e050-380a4e801894]&x2=[responsive]&x3=[news-turkce]&x4=[tr]&x7=[index-home]&x8=[simorgh-nojs]&x9=[Haberler+-+BBC+News+Türkçe]&x11=[1970-01-17T23:14:25.513Z]&x12=[1970-01-19T02:08:50.341Z]"`;

exports[`Canonical  Footer I can click on the BBC branding and it would take me to the homepage 1`] = `"/turkce"`;

exports[`Canonical  Footer I can see the footer copyright and external linking text 1`] = `"© 2020 BBC. BBC, link verilen internet sitelerinin içeriğinden sorumlu değildir. Link verilen internet sitelerine yaklaşımımız."`;

exports[`Canonical  Header I can see the branding 1`] = `"BBC News, Türkçe"`;

exports[`Canonical  SEO Canonical link 1`] = `"http://localhost:7080/turkce"`;

exports[`Canonical  SEO Dir attribute 1`] = `"ltr"`;

exports[`Canonical  SEO FB admins 1`] = `"100004154058350"`;

exports[`Canonical  SEO FB app ID 1`] = `"1609039196070050"`;

exports[`Canonical  SEO Heading level 1 1`] = `"BBC News, Türkçe - Ana sayfa"`;

exports[`Canonical  SEO Lang attribute 1`] = `"tr"`;

exports[`Canonical  SEO Linked data 1`] = `
Object {
  "@context": "http://schema.org",
  "@type": "WebPage",
  "image": Object {
    "@type": "ImageObject",
    "height": 576,
    "url": "https://news.files.bbci.co.uk/ws/img/logos/og/turkce.png",
    "width": 1024,
  },
  "mainEntityOfPage": Object {
    "@id": "http://localhost:7080/turkce",
    "@type": "WebPage",
    "name": "Haberler",
  },
  "publisher": Object {
    "@type": "NewsMediaOrganization",
    "logo": Object {
      "@type": "ImageObject",
      "height": 576,
      "url": "https://news.files.bbci.co.uk/ws/img/logos/og/turkce.png",
      "width": 1024,
    },
    "name": "BBC News Türkçe",
    "publishingPrinciples": "https://www.bbc.com/turkce/kurumsal-50221017",
  },
  "thumbnailUrl": "https://news.files.bbci.co.uk/ws/img/logos/og/turkce.png",
  "url": "http://localhost:7080/turkce",
}
`;

exports[`Canonical  SEO OG description 1`] = `"Türkiye ve dünya gündemindeki son gelişmeler, son dakika haberleri, video, analiz, teknoloji haberleri, sağlık haberleri, spor haberleri, ekonomi haberleri, fotoğraf albümleri, canlı yayınlar BBC Türkçe sayfalarında."`;

exports[`Canonical  SEO OG image 1`] = `"https://news.files.bbci.co.uk/ws/img/logos/og/turkce.png"`;

exports[`Canonical  SEO OG image alt 1`] = `"BBC News Türkçe"`;

exports[`Canonical  SEO OG locale 1`] = `"tr-TR"`;

exports[`Canonical  SEO OG site name 1`] = `"BBC News Türkçe"`;

exports[`Canonical  SEO OG title 1`] = `"Haberler - BBC News Türkçe"`;

exports[`Canonical  SEO OG type 1`] = `"website"`;

exports[`Canonical  SEO OG url 1`] = `"http://localhost:7080/turkce"`;

exports[`Canonical  SEO Page title 1`] = `"Haberler - BBC News Türkçe"`;

exports[`Canonical  SEO Robots meta tag 1`] = `"noodp,noydir"`;

exports[`Canonical  SEO Twitter card 1`] = `"summary_large_image"`;

exports[`Canonical  SEO Twitter creator 1`] = `"@bbcturkce"`;

exports[`Canonical  SEO Twitter description 1`] = `"Türkiye ve dünya gündemindeki son gelişmeler, son dakika haberleri, video, analiz, teknoloji haberleri, sağlık haberleri, spor haberleri, ekonomi haberleri, fotoğraf albümleri, canlı yayınlar BBC Türkçe sayfalarında."`;

exports[`Canonical  SEO Twitter image alt 1`] = `"BBC News Türkçe"`;

exports[`Canonical  SEO Twitter image src 1`] = `"https://news.files.bbci.co.uk/ws/img/logos/og/turkce.png"`;

exports[`Canonical  SEO Twitter site 1`] = `"@bbcturkce"`;

exports[`Canonical  SEO Twitter title 1`] = `"Haberler - BBC News Türkçe"`;
