// Jest Snapshot v1, https://goo.gl/fbAQLP

exports[`AMP  A11y I can see the skip to content link 1`] = `"跳过此内容"`;

exports[`AMP  AMP Consent config 1`] = `
Object {
  "consents": Object {
    "user-consent": Object {
      "promptIfUnknownForGeoGroup": "eea",
      "promptUI": "consent-prompt",
    },
  },
}
`;

exports[`AMP  AMP Geo config 1`] = `
Object {
  "ISOCountryGroups": Object {
    "eea": Array [
      "at",
      "ax",
      "be",
      "bg",
      "bl",
      "cy",
      "cz",
      "de",
      "dk",
      "ea",
      "ee",
      "es",
      "fi",
      "fr",
      "gb",
      "gf",
      "gg",
      "gi",
      "gp",
      "gr",
      "hr",
      "hu",
      "ic",
      "ie",
      "im",
      "is",
      "it",
      "je",
      "li",
      "lt",
      "lu",
      "lv",
      "mf",
      "mq",
      "mt",
      "nc",
      "nl",
      "no",
      "pf",
      "pl",
      "pm",
      "pt",
      "re",
      "ro",
      "se",
      "si",
      "sj",
      "sk",
      "tf",
      "va",
      "wf",
      "yt",
    ],
  },
}
`;

exports[`AMP  Footer I can click on the BBC branding and it would take me to the homepage 1`] = `"/zhongwen"`;

exports[`AMP  Footer I can see the footer copyright and external linking text 1`] = `"© 2020 BBC. BBC对外部网站内容不负责任。 阅读了解我们对待外部链接的做法。"`;

exports[`AMP  Header I can see the branding 1`] = `"BBC News, 中文"`;

exports[`AMP  SEO Canonical link 1`] = `"http://localhost:7080/zhongwen/articles/c3xd4x9prgyo/simp"`;

exports[`AMP  SEO Dir attribute 1`] = `"ltr"`;

exports[`AMP  SEO FB admins 1`] = `"100004154058350"`;

exports[`AMP  SEO FB app ID 1`] = `"1609039196070050"`;

exports[`AMP  SEO Heading level 1 1`] = `"SIMP - 花木兰真人版：迪士尼斥巨资集结明星重拍的中国经典"`;

exports[`AMP  SEO Lang attribute 1`] = `"zh-hans"`;

exports[`AMP  SEO Linked data 1`] = `
Object {
  "@context": "http://schema.org",
  "@type": "Article",
  "author": Object {
    "@type": "NewsMediaOrganization",
    "logo": Object {
      "@type": "ImageObject",
      "height": 576,
      "url": "https://news.files.bbci.co.uk/ws/img/logos/og/zhongwen.png",
      "width": 1024,
    },
    "name": "BBC News 中文",
    "noBylinesPolicy": "https://www.bbc.com/zhongwen/simp/institutional-51359584#authorexpertise",
  },
  "dateModified": "2019-07-12T14:52:32.251Z",
  "datePublished": "2019-07-12T14:52:32.251Z",
  "headline": "花木兰真人版：迪士尼斥巨资集结明星重拍的中国经典",
  "image": Object {
    "@type": "ImageObject",
    "height": 576,
    "url": "https://news.files.bbci.co.uk/ws/img/logos/og/zhongwen.png",
    "width": 1024,
  },
  "mainEntityOfPage": Object {
    "@id": "http://localhost:7080/zhongwen/articles/c3xd4x9prgyo/simp",
    "@type": "WebPage",
    "name": "花木兰真人版：迪士尼斥巨资集结明星重拍的中国经典",
  },
  "publisher": Object {
    "@type": "NewsMediaOrganization",
    "logo": Object {
      "@type": "ImageObject",
      "height": 576,
      "url": "https://news.files.bbci.co.uk/ws/img/logos/og/zhongwen.png",
      "width": 1024,
    },
    "name": "BBC News 中文",
    "publishingPrinciples": "https://www.bbc.com/zhongwen/simp/institutional-51359584",
  },
  "thumbnailUrl": "https://news.files.bbci.co.uk/ws/img/logos/og/zhongwen.png",
  "url": "http://localhost:7080/zhongwen/articles/c3xd4x9prgyo/simp",
}
`;

exports[`AMP  SEO OG description 1`] = `"花木兰真人版：迪士尼斥巨资集结明星重拍的中国经典"`;

exports[`AMP  SEO OG image 1`] = `"https://news.files.bbci.co.uk/ws/img/logos/og/zhongwen.png"`;

exports[`AMP  SEO OG image alt 1`] = `"BBC News 中文"`;

exports[`AMP  SEO OG locale 1`] = `"zh-hans"`;

exports[`AMP  SEO OG site name 1`] = `"BBC News 中文"`;

exports[`AMP  SEO OG title 1`] = `"花木兰真人版：迪士尼斥巨资集结明星重拍的中国经典 - BBC News 中文"`;

exports[`AMP  SEO OG type 1`] = `"article"`;

exports[`AMP  SEO OG url 1`] = `"http://localhost:7080/zhongwen/articles/c3xd4x9prgyo/simp"`;

exports[`AMP  SEO Page title 1`] = `"花木兰真人版：迪士尼斥巨资集结明星重拍的中国经典 - BBC News 中文"`;

exports[`AMP  SEO Robots meta tag 1`] = `"noodp,noydir"`;

exports[`AMP  SEO Twitter card 1`] = `"summary_large_image"`;

exports[`AMP  SEO Twitter creator 1`] = `"@bbcchinese"`;

exports[`AMP  SEO Twitter description 1`] = `"花木兰真人版：迪士尼斥巨资集结明星重拍的中国经典"`;

exports[`AMP  SEO Twitter image alt 1`] = `"BBC News 中文"`;

exports[`AMP  SEO Twitter image src 1`] = `"https://news.files.bbci.co.uk/ws/img/logos/og/zhongwen.png"`;

exports[`AMP  SEO Twitter site 1`] = `"@bbcchinese"`;

exports[`AMP  SEO Twitter title 1`] = `"花木兰真人版：迪士尼斥巨资集结明星重拍的中国经典 - BBC News 中文"`;
