// Jest Snapshot v1, https://goo.gl/fbAQLP

exports[`Media Player: AmpMediaPlayer should render an amp-iframe with placeholder 1`] = `
<amp-iframe
  allowfullscreen={true}
  frameborder="0"
  layout="fill"
  sandbox="allow-scripts allow-same-origin"
  src="https://foo.bar/"
>
  <amp-img
    layout="fill"
    placeholder={true}
    src="https://foo.bar/placeholder.png"
  />
</amp-iframe>
`;
