// Jest Snapshot v1, https://goo.gl/fbAQLP

exports[`Canonical link 1`] = `"http://localhost:7080/arabic"`;

exports[`Dir attribute 1`] = `"rtl"`;

exports[`FB admins 1`] = `"100004154058350"`;

exports[`FB app ID 1`] = `"1609039196070050"`;

exports[`Footer Copyright 1`] = `"© 2020 بي بي سي. بي بي سي ليست مسؤولة عن محتوى المواقع الخارجية. سياستنا بخصوص الروابط الخارجية."`;

exports[`Header Branding 1`] = `"BBC News, عربي"`;

exports[`Heading level 1 1`] = `"BBC News, عربي - الرئيسية"`;

exports[`Lang attribute 1`] = `"ar"`;

exports[`OG description 1`] = `"بي بي سي العربية هي شبكة لنقل الأخبار والمعلومات ومقاطع الفيديو إلى العالم عبر عدة وسائط، تشمل الإنترنت ومواقع التواصل الاجتماعي والراديو والتلفزيون والهواتف المحمولة."`;

exports[`OG image 1`] = `"https://news.files.bbci.co.uk/ws/img/logos/og/arabic.png"`;

exports[`OG image alt 1`] = `"BBC News عربي"`;

exports[`OG locale 1`] = `"ar"`;

exports[`OG site name 1`] = `"BBC News عربي"`;

exports[`OG title 1`] = `"الرئيسية - BBC News عربي"`;

exports[`OG type 1`] = `"website"`;

exports[`OG url 1`] = `"http://localhost:7080/arabic"`;

exports[`Page title 1`] = `"الرئيسية - BBC News عربي"`;

exports[`Robots meta tag 1`] = `"noodp,noydir"`;

exports[`Skip to content link 1`] = `"إذهب الى المحتوى"`;

exports[`Twitter card 1`] = `"summary_large_image"`;

exports[`Twitter creator 1`] = `"@BBCArabic"`;

exports[`Twitter description 1`] = `"بي بي سي العربية هي شبكة لنقل الأخبار والمعلومات ومقاطع الفيديو إلى العالم عبر عدة وسائط، تشمل الإنترنت ومواقع التواصل الاجتماعي والراديو والتلفزيون والهواتف المحمولة."`;

exports[`Twitter image alt 1`] = `"BBC News عربي"`;

exports[`Twitter image src 1`] = `"https://news.files.bbci.co.uk/ws/img/logos/og/arabic.png"`;

exports[`Twitter site 1`] = `"@BBCArabic"`;

exports[`Twitter title 1`] = `"الرئيسية - BBC News عربي"`;
