// Jest Snapshot v1, https://goo.gl/fbAQLP

exports[`AMP  A11y I can see the skip to content link 1`] = `"අන්තර්ගතයට පිවිසෙන්න"`;

exports[`AMP  AMP Consent config 1`] = `
Object {
  "consents": Object {
    "user-consent": Object {
      "promptIfUnknownForGeoGroup": "eea",
      "promptUI": "consent-prompt",
    },
  },
}
`;

exports[`AMP  AMP Geo config 1`] = `
Object {
  "ISOCountryGroups": Object {
    "eea": Array [
      "at",
      "ax",
      "be",
      "bg",
      "bl",
      "cy",
      "cz",
      "de",
      "dk",
      "ea",
      "ee",
      "es",
      "fi",
      "fr",
      "gb",
      "gf",
      "gg",
      "gi",
      "gp",
      "gr",
      "hr",
      "hu",
      "ic",
      "ie",
      "im",
      "is",
      "it",
      "je",
      "li",
      "lt",
      "lu",
      "lv",
      "mf",
      "mq",
      "mt",
      "nc",
      "nl",
      "no",
      "pf",
      "pl",
      "pm",
      "pt",
      "re",
      "ro",
      "se",
      "si",
      "sj",
      "sk",
      "tf",
      "va",
      "wf",
      "yt",
    ],
  },
}
`;

exports[`AMP  Footer I can click on the BBC branding and it would take me to the homepage 1`] = `"/sinhala"`;

exports[`AMP  Footer I can see the footer copyright and external linking text 1`] = `"© 2020 BBC. බාහිර වෙබ් අඩවිවල අන්තර්ගතයට බීබීසී වගකියනු නොලැබේ. බාහිර යොමු කෙරෙහි අපගේ ප්‍රවේශය ගැන කියවන්න."`;

exports[`AMP  Header I can see the branding 1`] = `"BBC News, සිංහල"`;

exports[`AMP  I can see an image with a caption 1`] = `"https://ichef.bbci.co.uk/news/640/cpsdevpb/9115/test/ebbecc50-fcb9-11e9-9afe-1371928331c5.jpg"`;

exports[`AMP  I can see an image with a caption 2`] = `
"ඡායාරූප ශීර්ෂ වැකිය, මෙම පරීක්ෂණ රූපය, ප්‍රකාශන හිමිකම් බීබීසී, ප්‍රංශයේ සිතියමක් පෙන්වයි. රූපය පළමු කොටස් තුනෙහි ඇති අතර මෙම ශීර්ෂ පා ය ඇත.
"
`;

exports[`AMP  SEO Canonical link 1`] = `"http://localhost:7080/sinhala/articles/c45w255zlexo"`;

exports[`AMP  SEO Dir attribute 1`] = `"ltr"`;

exports[`AMP  SEO FB admins 1`] = `"100004154058350"`;

exports[`AMP  SEO FB app ID 1`] = `"1609039196070050"`;

exports[`AMP  SEO Heading level 1 1`] = `"මෙම පරීක්ෂණ ලිපියේ සිරස්තලය මෙයයි"`;

exports[`AMP  SEO Lang attribute 1`] = `"si"`;

exports[`AMP  SEO Linked data 1`] = `
Object {
  "@context": "http://schema.org",
  "@type": "Article",
  "author": Object {
    "@type": "NewsMediaOrganization",
    "logo": Object {
      "@type": "ImageObject",
      "height": 576,
      "url": "https://news.files.bbci.co.uk/ws/img/logos/og/sinhala.png",
      "width": 1024,
    },
    "name": "BBC News සිංහල",
    "noBylinesPolicy": "https://www.bbc.com/sinhala/institutional-50288553#authorexpertise",
  },
  "dateModified": "2019-07-12T14:41:42.450Z",
  "datePublished": "2019-07-12T14:41:42.450Z",
  "headline": "පේටන්ට් බලපත්‍ර 107ක් හිමි රාජකීය සමාජයට එක් වූ ශ්‍රී ලංකාවේ මහාචාර්යවරයා සමග කතාබහක්",
  "image": Object {
    "@type": "ImageObject",
    "height": 576,
    "url": "https://news.files.bbci.co.uk/ws/img/logos/og/sinhala.png",
    "width": 1024,
  },
  "mainEntityOfPage": Object {
    "@id": "http://localhost:7080/sinhala/articles/c45w255zlexo",
    "@type": "WebPage",
    "name": "පේටන්ට් බලපත්‍ර 107ක් හිමි රාජකීය සමාජයට එක් වූ ශ්‍රී ලංකාවේ මහාචාර්යවරයා සමග කතාබහක්",
  },
  "publisher": Object {
    "@type": "NewsMediaOrganization",
    "logo": Object {
      "@type": "ImageObject",
      "height": 576,
      "url": "https://news.files.bbci.co.uk/ws/img/logos/og/sinhala.png",
      "width": 1024,
    },
    "name": "BBC News සිංහල",
    "publishingPrinciples": "https://www.bbc.com/sinhala/institutional-50288553",
  },
  "thumbnailUrl": "https://news.files.bbci.co.uk/ws/img/logos/og/sinhala.png",
  "url": "http://localhost:7080/sinhala/articles/c45w255zlexo",
}
`;

exports[`AMP  SEO OG description 1`] = `"පේටන්ට් බලපත්‍ර 107ක් හිමි රාජකීය සමාජයට එක් වූ ශ්‍රී ලංකාවේ මහාචාර්යවරයා සමග කතාබහක්"`;

exports[`AMP  SEO OG image 1`] = `"https://news.files.bbci.co.uk/ws/img/logos/og/sinhala.png"`;

exports[`AMP  SEO OG image alt 1`] = `"BBC News සිංහල"`;

exports[`AMP  SEO OG locale 1`] = `"si-LK"`;

exports[`AMP  SEO OG site name 1`] = `"BBC News සිංහල"`;

exports[`AMP  SEO OG title 1`] = `"පේටන්ට් බලපත්‍ර 107ක් හිමි රාජකීය සමාජයට එක් වූ ශ්‍රී ලංකාවේ මහාචාර්යවරයා සමග කතාබහක් - BBC News සිංහල"`;

exports[`AMP  SEO OG type 1`] = `"article"`;

exports[`AMP  SEO OG url 1`] = `"http://localhost:7080/sinhala/articles/c45w255zlexo"`;

exports[`AMP  SEO Page title 1`] = `"පේටන්ට් බලපත්‍ර 107ක් හිමි රාජකීය සමාජයට එක් වූ ශ්‍රී ලංකාවේ මහාචාර්යවරයා සමග කතාබහක් - BBC News සිංහල"`;

exports[`AMP  SEO Robots meta tag 1`] = `"noodp,noydir"`;

exports[`AMP  SEO Twitter card 1`] = `"summary_large_image"`;

exports[`AMP  SEO Twitter creator 1`] = `"@bbcsinhala"`;

exports[`AMP  SEO Twitter description 1`] = `"පේටන්ට් බලපත්‍ර 107ක් හිමි රාජකීය සමාජයට එක් වූ ශ්‍රී ලංකාවේ මහාචාර්යවරයා සමග කතාබහක්"`;

exports[`AMP  SEO Twitter image alt 1`] = `"BBC News සිංහල"`;

exports[`AMP  SEO Twitter image src 1`] = `"https://news.files.bbci.co.uk/ws/img/logos/og/sinhala.png"`;

exports[`AMP  SEO Twitter site 1`] = `"@bbcsinhala"`;

exports[`AMP  SEO Twitter title 1`] = `"පේටන්ට් බලපත්‍ර 107ක් හිමි රාජකීය සමාජයට එක් වූ ශ්‍රී ලංකාවේ මහාචාර්යවරයා සමග කතාබහක් - BBC News සිංහල"`;
