// Jest Snapshot v1, https://goo.gl/fbAQLP

exports[`Canonical  A11y I can see the skip to content link 1`] = `"Qabiyyeetti darbi"`;

exports[`Canonical  Analytics ATI: https://logws1363.ati-host.net? 1`] = `"https://logws1363.ati-host.net?s=598343&s2=2&p=afaanoromoo.page&x1=[urn:bbc:cps:506c4a07-5a7b-23bf-e050-17ac8045c197]&x2=[responsive]&x3=[news-afaanoromoo]&x4=[om]&x7=[index-home]&x8=[simorgh-nojs]&x9=[Oduu+-+BBC+News+Afaan+Oromoo]&x11=[1970-01-18T07:30:06.581Z]&x12=[1970-01-19T02:08:44.804Z]"`;

exports[`Canonical  Footer I can click on the BBC branding and it would take me to the homepage 1`] = `"/afaanoromoo"`;

exports[`Canonical  Footer I can see the footer copyright and external linking text 1`] = `"© 2020 BBC. Qabiyyeewwan maddawwan alaa irraa ta'aniif BBCn itti gaafatamaa miti. Gara geessituu alaatti akkaataa itti hojjennu dubbisi."`;

exports[`Canonical  Header I can see the branding 1`] = `"BBC News, Afaan Oromoo"`;

exports[`Canonical  SEO Canonical link 1`] = `"http://localhost:7080/afaanoromoo"`;

exports[`Canonical  SEO Dir attribute 1`] = `"ltr"`;

exports[`Canonical  SEO FB admins 1`] = `"100004154058350"`;

exports[`Canonical  SEO FB app ID 1`] = `"1609039196070050"`;

exports[`Canonical  SEO Heading level 1 1`] = `"BBC News, Afaan Oromoo - Oduu"`;

exports[`Canonical  SEO Lang attribute 1`] = `"om"`;

exports[`Canonical  SEO Linked data 1`] = `
Object {
  "@context": "http://schema.org",
  "@type": "WebPage",
  "image": Object {
    "@type": "ImageObject",
    "height": 576,
    "url": "https://news.files.bbci.co.uk/ws/img/logos/og/afaanoromoo.png",
    "width": 1024,
  },
  "mainEntityOfPage": Object {
    "@id": "http://localhost:7080/afaanoromoo",
    "@type": "WebPage",
    "name": "Oduu",
  },
  "publisher": Object {
    "@type": "NewsMediaOrganization",
    "logo": Object {
      "@type": "ImageObject",
      "height": 576,
      "url": "https://news.files.bbci.co.uk/ws/img/logos/og/afaanoromoo.png",
      "width": 1024,
    },
    "name": "BBC News Afaan Oromoo",
    "publishingPrinciples": "https://www.bbc.com/afaanoromoo/institutional-49281861",
  },
  "thumbnailUrl": "https://news.files.bbci.co.uk/ws/img/logos/og/afaanoromoo.png",
  "url": "http://localhost:7080/afaanoromoo",
}
`;

exports[`Canonical  SEO OG description 1`] = `"BBC Afaan Oromoo irratti Oduu, Odeessaa fi taateewwan haaraa Itoophiyaa, Afriikaa fi guutuu addunyaa irratti ta’an argattu. Yeroo mara waan haaraa jiru baruuf gara keenya koottaa."`;

exports[`Canonical  SEO OG image 1`] = `"https://news.files.bbci.co.uk/ws/img/logos/og/afaanoromoo.png"`;

exports[`Canonical  SEO OG image alt 1`] = `"BBC News Afaan Oromoo"`;

exports[`Canonical  SEO OG locale 1`] = `"om-ET"`;

exports[`Canonical  SEO OG site name 1`] = `"BBC News Afaan Oromoo"`;

exports[`Canonical  SEO OG title 1`] = `"Oduu - BBC News Afaan Oromoo"`;

exports[`Canonical  SEO OG type 1`] = `"website"`;

exports[`Canonical  SEO OG url 1`] = `"http://localhost:7080/afaanoromoo"`;

exports[`Canonical  SEO Page title 1`] = `"Oduu - BBC News Afaan Oromoo"`;

exports[`Canonical  SEO Robots meta tag 1`] = `"noodp,noydir"`;

exports[`Canonical  SEO Twitter card 1`] = `"summary_large_image"`;

exports[`Canonical  SEO Twitter creator 1`] = `"@BBCNews"`;

exports[`Canonical  SEO Twitter description 1`] = `"BBC Afaan Oromoo irratti Oduu, Odeessaa fi taateewwan haaraa Itoophiyaa, Afriikaa fi guutuu addunyaa irratti ta’an argattu. Yeroo mara waan haaraa jiru baruuf gara keenya koottaa."`;

exports[`Canonical  SEO Twitter image alt 1`] = `"BBC News Afaan Oromoo"`;

exports[`Canonical  SEO Twitter image src 1`] = `"https://news.files.bbci.co.uk/ws/img/logos/og/afaanoromoo.png"`;

exports[`Canonical  SEO Twitter site 1`] = `"@BBCNews"`;

exports[`Canonical  SEO Twitter title 1`] = `"Oduu - BBC News Afaan Oromoo"`;
