// Jest Snapshot v1, https://goo.gl/fbAQLP

exports[`Canonical  A11y I can see the skip to content link 1`] = `"내용 보기"`;

exports[`Canonical  Analytics ATI: https://logws1363.ati-host.net? 1`] = `"https://logws1363.ati-host.net?s=598343&s2=57&p=korean.page&x1=[urn:bbc:cps:54090ef5-064e-0c24-e050-17ac8045d1e8]&x2=[responsive]&x3=[news-korean]&x4=[ko]&x7=[index-home]&x8=[simorgh-nojs]&x9=[홈페이지+-+BBC+News+코리아]&x11=[1970-01-18T08:36:29.261Z]&x12=[1970-01-19T02:08:44.156Z]"`;

exports[`Canonical  Footer I can click on the BBC branding and it would take me to the homepage 1`] = `"/korean"`;

exports[`Canonical  Footer I can see the footer copyright and external linking text 1`] = `"© 2020 BBC. BBC는 외부 사이트 및 타사 콘텐츠에 대한 책임을 지지 않습니다 외부 링크에 대한 본사 정책 보기"`;

exports[`Canonical  Header I can see the branding 1`] = `"BBC News, 코리아"`;

exports[`Canonical  SEO Canonical link 1`] = `"http://localhost:7080/korean"`;

exports[`Canonical  SEO Dir attribute 1`] = `"ltr"`;

exports[`Canonical  SEO FB admins 1`] = `"100004154058350"`;

exports[`Canonical  SEO FB app ID 1`] = `"1609039196070050"`;

exports[`Canonical  SEO Heading level 1 1`] = `"BBC News, 코리아 - 홈"`;

exports[`Canonical  SEO Lang attribute 1`] = `"ko"`;

exports[`Canonical  SEO Linked data 1`] = `
Object {
  "@context": "http://schema.org",
  "@type": "WebPage",
  "image": Object {
    "@type": "ImageObject",
    "height": 576,
    "url": "https://news.files.bbci.co.uk/ws/img/logos/og/korean.png",
    "width": 1024,
  },
  "mainEntityOfPage": Object {
    "@id": "http://localhost:7080/korean",
    "@type": "WebPage",
    "name": "홈페이지",
  },
  "publisher": Object {
    "@type": "NewsMediaOrganization",
    "logo": Object {
      "@type": "ImageObject",
      "height": 576,
      "url": "https://news.files.bbci.co.uk/ws/img/logos/og/korean.png",
      "width": 1024,
    },
    "name": "BBC News 코리아",
    "publishingPrinciples": "https://www.bbc.com/korean/institutional-49283197",
  },
  "thumbnailUrl": "https://news.files.bbci.co.uk/ws/img/logos/og/korean.png",
  "url": "http://localhost:7080/korean",
}
`;

exports[`Canonical  SEO OG description 1`] = `"BBC 코리아'는 한반도는 물론 전 세계 독자 및 청취자에게 뉴스를 전달합니다. 우리의 목표는 공정하고 공평한 뉴스를 보도하는 것입니다."`;

exports[`Canonical  SEO OG image 1`] = `"https://news.files.bbci.co.uk/ws/img/logos/og/korean.png"`;

exports[`Canonical  SEO OG image alt 1`] = `"BBC News 코리아"`;

exports[`Canonical  SEO OG locale 1`] = `"ko-KO"`;

exports[`Canonical  SEO OG site name 1`] = `"BBC News 코리아"`;

exports[`Canonical  SEO OG title 1`] = `"홈페이지 - BBC News 코리아"`;

exports[`Canonical  SEO OG type 1`] = `"website"`;

exports[`Canonical  SEO OG url 1`] = `"http://localhost:7080/korean"`;

exports[`Canonical  SEO Page title 1`] = `"홈페이지 - BBC News 코리아"`;

exports[`Canonical  SEO Robots meta tag 1`] = `"noodp,noydir"`;

exports[`Canonical  SEO Twitter card 1`] = `"summary_large_image"`;

exports[`Canonical  SEO Twitter creator 1`] = `"@bbcnews"`;

exports[`Canonical  SEO Twitter description 1`] = `"BBC 코리아'는 한반도는 물론 전 세계 독자 및 청취자에게 뉴스를 전달합니다. 우리의 목표는 공정하고 공평한 뉴스를 보도하는 것입니다."`;

exports[`Canonical  SEO Twitter image alt 1`] = `"BBC News 코리아"`;

exports[`Canonical  SEO Twitter image src 1`] = `"https://news.files.bbci.co.uk/ws/img/logos/og/korean.png"`;

exports[`Canonical  SEO Twitter site 1`] = `"@bbcnews"`;

exports[`Canonical  SEO Twitter title 1`] = `"홈페이지 - BBC News 코리아"`;
