// Jest Snapshot v1, https://goo.gl/fbAQLP

exports[`Canonical link 1`] = `"http://localhost:7080/korean"`;

exports[`Dir attribute 1`] = `"ltr"`;

exports[`FB admins 1`] = `"100004154058350"`;

exports[`FB app ID 1`] = `"1609039196070050"`;

exports[`Footer Copyright 1`] = `"© 2020 BBC. BBC는 외부 인터넷 사이트 및 콘텐츠에 대한 책임을 지지않습니다. 외부 콘텐츠 링크에 대한 본사 정책 보기."`;

exports[`Header Branding 1`] = `"BBC News, 코리아"`;

exports[`Heading level 1 1`] = `"BBC News, 코리아 - 뉴스"`;

exports[`Lang attribute 1`] = `"ko"`;

exports[`OG description 1`] = `"BBC 코리아'는 한반도는 물론 전 세계 독자 및 청취자에게 뉴스를 전달합니다. 우리의 목표는 공정하고 공평한 뉴스를 보도하는 것입니다."`;

exports[`OG image 1`] = `"https://news.files.bbci.co.uk/ws/img/logos/og/korean.png"`;

exports[`OG image alt 1`] = `"BBC News 코리아"`;

exports[`OG locale 1`] = `"ko-KO"`;

exports[`OG site name 1`] = `"BBC News 코리아"`;

exports[`OG title 1`] = `"홈페이지 - BBC News 코리아"`;

exports[`OG type 1`] = `"website"`;

exports[`OG url 1`] = `"http://localhost:7080/korean"`;

exports[`Page title 1`] = `"홈페이지 - BBC News 코리아"`;

exports[`Robots meta tag 1`] = `"noodp,noydir"`;

exports[`Skip to content link 1`] = `"내용으로 건너뛰기"`;

exports[`Twitter card 1`] = `"summary_large_image"`;

exports[`Twitter creator 1`] = `"@bbcnews"`;

exports[`Twitter description 1`] = `"BBC 코리아'는 한반도는 물론 전 세계 독자 및 청취자에게 뉴스를 전달합니다. 우리의 목표는 공정하고 공평한 뉴스를 보도하는 것입니다."`;

exports[`Twitter image alt 1`] = `"BBC News 코리아"`;

exports[`Twitter image src 1`] = `"https://news.files.bbci.co.uk/ws/img/logos/og/korean.png"`;

exports[`Twitter site 1`] = `"@bbcnews"`;

exports[`Twitter title 1`] = `"홈페이지 - BBC News 코리아"`;
