// Jest Snapshot v1, https://goo.gl/fbAQLP

exports[`Canonical link 1`] = `"http://localhost:7080/somali/articles/cgn6emk3jm8o"`;

exports[`Dir attribute 1`] = `"ltr"`;

exports[`FB admins 1`] = `"100004154058350"`;

exports[`FB app ID 1`] = `"1609039196070050"`;

exports[`Footer Copyright 1`] = `"Â© 2020 BBC. BBC masuul kama ahan macluumadka bogagga kale ee dibadda. Akhri xogta ku saabsan sida aan u abaarno bogagga dibadda."`;

exports[`Header Branding 1`] = `"BBC News, Somali"`;

exports[`Heading level 1 1`] = `"Tani waa cinwaanka maqaalkan imtixaanka"`;

exports[`Lang attribute 1`] = `"so"`;

exports[`OG description 1`] = `"Tani waa cinwaanka SEO ee maqaalkan tijaabada ah"`;

exports[`OG image 1`] = `"https://news.files.bbci.co.uk/ws/img/logos/og/somali.png"`;

exports[`OG image alt 1`] = `"BBC News Somali"`;

exports[`OG locale 1`] = `"so-SO"`;

exports[`OG site name 1`] = `"BBC News Somali"`;

exports[`OG title 1`] = `"Tani waa cinwaanka SEO ee maqaalkan tijaabada ah - BBC News Somali"`;

exports[`OG type 1`] = `"article"`;

exports[`OG url 1`] = `"http://localhost:7080/somali/articles/cgn6emk3jm8o"`;

exports[`Page title 1`] = `"Tani waa cinwaanka SEO ee maqaalkan tijaabada ah - BBC News Somali"`;

exports[`Robots meta tag 1`] = `"noodp,noydir"`;

exports[`Skip to content link 1`] = `"U gudub qaybta macluumaadka"`;

exports[`Twitter card 1`] = `"summary_large_image"`;

exports[`Twitter creator 1`] = `"@bbcsomali"`;

exports[`Twitter description 1`] = `"Tani waa cinwaanka SEO ee maqaalkan tijaabada ah"`;

exports[`Twitter image alt 1`] = `"BBC News Somali"`;

exports[`Twitter image src 1`] = `"https://news.files.bbci.co.uk/ws/img/logos/og/somali.png"`;

exports[`Twitter site 1`] = `"@bbcsomali"`;

exports[`Twitter title 1`] = `"Tani waa cinwaanka SEO ee maqaalkan tijaabada ah - BBC News Somali"`;
