// Jest Snapshot v1, https://goo.gl/fbAQLP

exports[`AMP  A11y I can see the skip to content link 1`] = `"အကြောင်းအရာများဆီ ကျော်သွားရန်"`;

exports[`AMP  AMP Consent config 1`] = `
Object {
  "consents": Object {
    "user-consent": Object {
      "promptIfUnknownForGeoGroup": "eea",
      "promptUI": "consent-prompt",
    },
  },
}
`;

exports[`AMP  AMP Geo config 1`] = `
Object {
  "ISOCountryGroups": Object {
    "eea": Array [
      "at",
      "ax",
      "be",
      "bg",
      "bl",
      "cy",
      "cz",
      "de",
      "dk",
      "ea",
      "ee",
      "es",
      "fi",
      "fr",
      "gb",
      "gf",
      "gg",
      "gi",
      "gp",
      "gr",
      "hr",
      "hu",
      "ic",
      "ie",
      "im",
      "is",
      "it",
      "je",
      "li",
      "lt",
      "lu",
      "lv",
      "mf",
      "mq",
      "mt",
      "nc",
      "nl",
      "no",
      "pf",
      "pl",
      "pm",
      "pt",
      "re",
      "ro",
      "se",
      "si",
      "sj",
      "sk",
      "tf",
      "va",
      "wf",
      "yt",
    ],
  },
}
`;

exports[`AMP  Analytics ATI 1`] = `
Object {
  "requests": Object {
    "base": "https://logws1363.ati-host.net?",
    "pageview": "\${base}s=598343&s2=35&p=burmese.bbc_burmese_radio.liveradio.page&r=\${screenWidth}x\${screenHeight}x\${screenColorDepth}&re=\${availableScreenWidth}x\${availableScreenHeight}&hl=\${timestamp}&lng=\${browserLanguage}&x1=[urn:bbc:ares::ws_live:bbc_burmese_radio]&x2=[amp]&x3=[news-burmese]&x4=[my]&x5=[\${sourceUrl}]&x6=[\${documentReferrer}]&x7=[player-live]&x8=[simorgh]&x9=[ဘီဘီစီ+မြန်မာပိုင်း+ရေဒီယို+-+BBC+News+မြန်မာ]",
  },
  "transport": Object {
    "beacon": false,
    "image": true,
    "xhrpost": false,
  },
  "triggers": Object {
    "trackPageview": Object {
      "on": "visible",
      "request": "pageview",
    },
  },
}
`;

exports[`AMP  Footer I can click on the BBC branding and it would take me to the homepage 1`] = `"/burmese"`;

exports[`AMP  Footer I can see the footer copyright and external linking text 1`] = `"© 2020 BBC. ပြင်ပဝက်ဆိုက်များတွင် ပါဝင်သော အကြောင်းအရာများအတွက် ဘီဘီစီက တာဝန်မယူပါ။ ပြင်ပဝက်ဆိုက်များကို လင့် ထည့်ပေးခြင်းနှင့် ပတ်သက်သော ဘီဘီစီလုပ်ထုံးလုပ်နည်းကို ဖတ်ရန်။"`;

exports[`AMP  Header I can see the branding 1`] = `"BBC News, မြန်မာ"`;

exports[`AMP  I can see the headline 1`] = `"ဘီဘီစီ မြန်မာပိုင်း ရေဒီယို"`;

exports[`AMP  I can see the summary 1`] = `"နေ့စဉ် ပြည်တွင်း ပြည်ပ သတင်းနဲ့ သုံးသပ်ချက်များ၊ ပညာရေး၊ ကျန်းမာရေး၊ အားကစား၊ နည်းပညာ အစီအစဉ်များ နဲ့ မျက်မှောက်ရေးရာ ဆွေးနွေးခန်းများ"`;

exports[`AMP  Media player embed A11y I can read the media player title 1`] = `"အသံဖိုင်ပလေယာ"`;

exports[`AMP  Media player embed I can see the media player embed 1`] = `"https://polling.test.bbc.co.uk/ws/av-embeds/media/bbc_burmese_radio/liveradio/my/amp?morph_env=live"`;

exports[`AMP  SEO Canonical link 1`] = `"http://localhost:7080/burmese/bbc_burmese_radio/liveradio"`;

exports[`AMP  SEO Dir attribute 1`] = `"ltr"`;

exports[`AMP  SEO FB admins 1`] = `"100004154058350"`;

exports[`AMP  SEO FB app ID 1`] = `"1609039196070050"`;

exports[`AMP  SEO Heading level 1 1`] = `"ဘီဘီစီ မြန်မာပိုင်း ရေဒီယို"`;

exports[`AMP  SEO Lang attribute 1`] = `"my"`;

exports[`AMP  SEO Linked data 1`] = `
Object {
  "@context": "http://schema.org",
  "@type": "RadioChannel",
  "image": Object {
    "@type": "ImageObject",
    "height": 576,
    "url": "https://news.files.bbci.co.uk/ws/img/logos/og/burmese.png",
    "width": 1024,
  },
  "mainEntityOfPage": Object {
    "@id": "http://localhost:7080/burmese/bbc_burmese_radio/liveradio",
    "@type": "WebPage",
    "name": "ဘီဘီစီ မြန်မာပိုင်း ရေဒီယို",
  },
  "publisher": Object {
    "@type": "NewsMediaOrganization",
    "logo": Object {
      "@type": "ImageObject",
      "height": 576,
      "url": "https://news.files.bbci.co.uk/ws/img/logos/og/burmese.png",
      "width": 1024,
    },
    "name": "BBC News မြန်မာ",
    "publishingPrinciples": "https://www.bbc.com/burmese/institutional-51387206",
  },
  "thumbnailUrl": "https://news.files.bbci.co.uk/ws/img/logos/og/burmese.png",
  "url": "http://localhost:7080/burmese/bbc_burmese_radio/liveradio",
}
`;

exports[`AMP  SEO OG description 1`] = `"နေ့စဉ် ပြည်တွင်း ပြည်ပ သတင်းနဲ့ သုံးသပ်ချက်များ၊ ပညာရေး၊ ကျန်းမာရေး၊ အားကစား၊ နည်းပညာ အစီအစဉ်များ နဲ့ မျက်မှောက်ရေးရာ ဆွေးနွေးခန်းများ"`;

exports[`AMP  SEO OG image 1`] = `"https://news.files.bbci.co.uk/ws/img/logos/og/burmese.png"`;

exports[`AMP  SEO OG image alt 1`] = `"BBC News မြန်မာ"`;

exports[`AMP  SEO OG locale 1`] = `"my-MM"`;

exports[`AMP  SEO OG site name 1`] = `"BBC News မြန်မာ"`;

exports[`AMP  SEO OG title 1`] = `"ဘီဘီစီ မြန်မာပိုင်း ရေဒီယို - BBC News မြန်မာ"`;

exports[`AMP  SEO OG type 1`] = `"website"`;

exports[`AMP  SEO OG url 1`] = `"http://localhost:7080/burmese/bbc_burmese_radio/liveradio"`;

exports[`AMP  SEO Page title 1`] = `"ဘီဘီစီ မြန်မာပိုင်း ရေဒီယို - BBC News မြန်မာ"`;

exports[`AMP  SEO Robots meta tag 1`] = `"noodp,noydir"`;

exports[`AMP  SEO Twitter card 1`] = `"summary_large_image"`;

exports[`AMP  SEO Twitter creator 1`] = `"@bbcburmese"`;

exports[`AMP  SEO Twitter description 1`] = `"နေ့စဉ် ပြည်တွင်း ပြည်ပ သတင်းနဲ့ သုံးသပ်ချက်များ၊ ပညာရေး၊ ကျန်းမာရေး၊ အားကစား၊ နည်းပညာ အစီအစဉ်များ နဲ့ မျက်မှောက်ရေးရာ ဆွေးနွေးခန်းများ"`;

exports[`AMP  SEO Twitter image alt 1`] = `"BBC News မြန်မာ"`;

exports[`AMP  SEO Twitter image src 1`] = `"https://news.files.bbci.co.uk/ws/img/logos/og/burmese.png"`;

exports[`AMP  SEO Twitter site 1`] = `"@bbcburmese"`;

exports[`AMP  SEO Twitter title 1`] = `"ဘီဘီစီ မြန်မာပိုင်း ရေဒီယို - BBC News မြန်မာ"`;
