// Jest Snapshot v1, https://goo.gl/fbAQLP

exports[`AMP  A11y I can see the skip to content link 1`] = `"Ruka hadi maelezo"`;

exports[`AMP  AMP Consent config 1`] = `
Object {
  "consents": Object {
    "user-consent": Object {
      "promptIfUnknownForGeoGroup": "eea",
      "promptUI": "consent-prompt",
    },
  },
}
`;

exports[`AMP  AMP Geo config 1`] = `
Object {
  "ISOCountryGroups": Object {
    "eea": Array [
      "at",
      "ax",
      "be",
      "bg",
      "bl",
      "cy",
      "cz",
      "de",
      "dk",
      "ea",
      "ee",
      "es",
      "fi",
      "fr",
      "gb",
      "gf",
      "gg",
      "gi",
      "gp",
      "gr",
      "hr",
      "hu",
      "ic",
      "ie",
      "im",
      "is",
      "it",
      "je",
      "li",
      "lt",
      "lu",
      "lv",
      "mf",
      "mq",
      "mt",
      "nc",
      "nl",
      "no",
      "pf",
      "pl",
      "pm",
      "pt",
      "re",
      "ro",
      "se",
      "si",
      "sj",
      "sk",
      "tf",
      "va",
      "wf",
      "yt",
    ],
  },
}
`;

exports[`AMP  Analytics ATI 1`] = `
Object {
  "requests": Object {
    "base": "https://logws1363.ati-host.net?",
    "pageview": "\${base}s=598343&s2=86&p=swahili.bbc_swahili_radio.liveradio.page&r=\${screenWidth}x\${screenHeight}x\${screenColorDepth}&re=\${availableScreenWidth}x\${availableScreenHeight}&hl=\${timestamp}&lng=\${browserLanguage}&x1=[urn:bbc:ares::ws_live:bbc_swahili_radio]&x2=[amp]&x3=[news-swahili]&x4=[sw]&x5=[\${sourceUrl}]&x6=[\${documentReferrer}]&x7=[player-live]&x8=[simorgh]&x9=[BBC+Swahili+Radio+-+BBC+News+Swahili]",
  },
  "transport": Object {
    "beacon": false,
    "image": true,
    "xhrpost": false,
  },
  "triggers": Object {
    "trackPageview": Object {
      "on": "visible",
      "request": "pageview",
    },
  },
}
`;

exports[`AMP  Footer I can click on the BBC branding and it would take me to the homepage 1`] = `"/swahili"`;

exports[`AMP  Footer I can see the footer copyright and external linking text 1`] = `"Â© 2020 BBC. BBC haihusiki na taarifa za kutoka mitandao ya nje. Soma kuhusu mtazamo wetu wa viambatanishi vya nje."`;

exports[`AMP  Header I can see the branding 1`] = `"BBC News, Swahili"`;

exports[`AMP  I can see the headline 1`] = `"BBC Swahili Radio"`;

exports[`AMP  I can see the summary 1`] = `"Habari za kimataifa, michezo na uchambuzi kutoka kwa idhaa ya dunia."`;

exports[`AMP  Media player embed A11y I can read the media player title 1`] = `"Kicheza Sauti"`;

exports[`AMP  Media player embed I can see the media player embed 1`] = `"https://polling.test.bbc.co.uk/ws/av-embeds/media/bbc_swahili_radio/liveradio/sw/amp?morph_env=live"`;

exports[`AMP  SEO Canonical link 1`] = `"http://localhost:7080/swahili/bbc_swahili_radio/liveradio"`;

exports[`AMP  SEO Dir attribute 1`] = `"ltr"`;

exports[`AMP  SEO FB admins 1`] = `"100004154058350"`;

exports[`AMP  SEO FB app ID 1`] = `"1609039196070050"`;

exports[`AMP  SEO Heading level 1 1`] = `"BBC Swahili Radio"`;

exports[`AMP  SEO Lang attribute 1`] = `"sw"`;

exports[`AMP  SEO Linked data 1`] = `
Object {
  "@context": "http://schema.org",
  "@type": "RadioChannel",
  "image": Object {
    "@type": "ImageObject",
    "height": 576,
    "url": "https://news.files.bbci.co.uk/ws/img/logos/og/swahili.png",
    "width": 1024,
  },
  "mainEntityOfPage": Object {
    "@id": "http://localhost:7080/swahili/bbc_swahili_radio/liveradio",
    "@type": "WebPage",
    "name": "BBC Swahili Radio",
  },
  "publisher": Object {
    "@type": "NewsMediaOrganization",
    "logo": Object {
      "@type": "ImageObject",
      "height": 576,
      "url": "https://news.files.bbci.co.uk/ws/img/logos/og/swahili.png",
      "width": 1024,
    },
    "name": "BBC News Swahili",
    "publishingPrinciples": "https://www.bbc.com/swahili/taasisi-49283417",
  },
  "thumbnailUrl": "https://news.files.bbci.co.uk/ws/img/logos/og/swahili.png",
  "url": "http://localhost:7080/swahili/bbc_swahili_radio/liveradio",
}
`;

exports[`AMP  SEO OG description 1`] = `"Habari za kimataifa, michezo na uchambuzi kutoka kwa idhaa ya dunia."`;

exports[`AMP  SEO OG image 1`] = `"https://news.files.bbci.co.uk/ws/img/logos/og/swahili.png"`;

exports[`AMP  SEO OG image alt 1`] = `"BBC News Swahili"`;

exports[`AMP  SEO OG locale 1`] = `"sw-KE"`;

exports[`AMP  SEO OG site name 1`] = `"BBC News Swahili"`;

exports[`AMP  SEO OG title 1`] = `"BBC Swahili Radio - BBC News Swahili"`;

exports[`AMP  SEO OG type 1`] = `"website"`;

exports[`AMP  SEO OG url 1`] = `"http://localhost:7080/swahili/bbc_swahili_radio/liveradio"`;

exports[`AMP  SEO Page title 1`] = `"BBC Swahili Radio - BBC News Swahili"`;

exports[`AMP  SEO Robots meta tag 1`] = `"noodp,noydir"`;

exports[`AMP  SEO Twitter card 1`] = `"summary_large_image"`;

exports[`AMP  SEO Twitter creator 1`] = `"@bbcswahili"`;

exports[`AMP  SEO Twitter description 1`] = `"Habari za kimataifa, michezo na uchambuzi kutoka kwa idhaa ya dunia."`;

exports[`AMP  SEO Twitter image alt 1`] = `"BBC News Swahili"`;

exports[`AMP  SEO Twitter image src 1`] = `"https://news.files.bbci.co.uk/ws/img/logos/og/swahili.png"`;

exports[`AMP  SEO Twitter site 1`] = `"@bbcswahili"`;

exports[`AMP  SEO Twitter title 1`] = `"BBC Swahili Radio - BBC News Swahili"`;
